Archive member included to satisfy reference by file (symbol)

/opt/gcc-arm-none-eabi-10.3-2021.10/bin/../lib/gcc/arm-none-eabi/10.3.1/../../../../arm-none-eabi/lib/thumb/v7-m/nofp/libc_nano.a(lib_a-exit.o)
                              /opt/gcc-arm-none-eabi-10.3-2021.10/bin/../lib/gcc/arm-none-eabi/10.3.1/../../../../arm-none-eabi/lib/thumb/v7-m/nofp/crt0.o (exit)
/opt/gcc-arm-none-eabi-10.3-2021.10/bin/../lib/gcc/arm-none-eabi/10.3.1/../../../../arm-none-eabi/lib/thumb/v7-m/nofp/libc_nano.a(lib_a-impure.o)
                              /opt/gcc-arm-none-eabi-10.3-2021.10/bin/../lib/gcc/arm-none-eabi/10.3.1/../../../../arm-none-eabi/lib/thumb/v7-m/nofp/libc_nano.a(lib_a-exit.o) (_global_impure_ptr)
/opt/gcc-arm-none-eabi-10.3-2021.10/bin/../lib/gcc/arm-none-eabi/10.3.1/../../../../arm-none-eabi/lib/thumb/v7-m/nofp/libc_nano.a(lib_a-init.o)
                              /opt/gcc-arm-none-eabi-10.3-2021.10/bin/../lib/gcc/arm-none-eabi/10.3.1/../../../../arm-none-eabi/lib/thumb/v7-m/nofp/crt0.o (__libc_init_array)
/opt/gcc-arm-none-eabi-10.3-2021.10/bin/../lib/gcc/arm-none-eabi/10.3.1/../../../../arm-none-eabi/lib/thumb/v7-m/nofp/libc_nano.a(lib_a-memcmp.o)
                              build/ethernet.o (memcmp)
/opt/gcc-arm-none-eabi-10.3-2021.10/bin/../lib/gcc/arm-none-eabi/10.3.1/../../../../arm-none-eabi/lib/thumb/v7-m/nofp/libc_nano.a(lib_a-memcpy-stub.o)
                              build/queue.o (memcpy)
/opt/gcc-arm-none-eabi-10.3-2021.10/bin/../lib/gcc/arm-none-eabi/10.3.1/../../../../arm-none-eabi/lib/thumb/v7-m/nofp/libc_nano.a(lib_a-memset.o)
                              /opt/gcc-arm-none-eabi-10.3-2021.10/bin/../lib/gcc/arm-none-eabi/10.3.1/../../../../arm-none-eabi/lib/thumb/v7-m/nofp/crt0.o (memset)
/opt/gcc-arm-none-eabi-10.3-2021.10/bin/../lib/gcc/arm-none-eabi/10.3.1/../../../../arm-none-eabi/lib/thumb/v7-m/nofp/libc_nano.a(lib_a-printf.o)
                              build/ethernetif.o (printf)
/opt/gcc-arm-none-eabi-10.3-2021.10/bin/../lib/gcc/arm-none-eabi/10.3.1/../../../../arm-none-eabi/lib/thumb/v7-m/nofp/libc_nano.a(lib_a-strlen.o)
                              build/def.o (strlen)
/opt/gcc-arm-none-eabi-10.3-2021.10/bin/../lib/gcc/arm-none-eabi/10.3.1/../../../../arm-none-eabi/lib/thumb/v7-m/nofp/libc_nano.a(lib_a-strncmp.o)
                              build/def.o (strncmp)
/opt/gcc-arm-none-eabi-10.3-2021.10/bin/../lib/gcc/arm-none-eabi/10.3.1/../../../../arm-none-eabi/lib/thumb/v7-m/nofp/libc_nano.a(lib_a-findfp.o)
                              /opt/gcc-arm-none-eabi-10.3-2021.10/bin/../lib/gcc/arm-none-eabi/10.3.1/../../../../arm-none-eabi/lib/thumb/v7-m/nofp/libc_nano.a(lib_a-printf.o) (__sinit)
/opt/gcc-arm-none-eabi-10.3-2021.10/bin/../lib/gcc/arm-none-eabi/10.3.1/../../../../arm-none-eabi/lib/thumb/v7-m/nofp/libc_nano.a(lib_a-fwalk.o)
                              /opt/gcc-arm-none-eabi-10.3-2021.10/bin/../lib/gcc/arm-none-eabi/10.3.1/../../../../arm-none-eabi/lib/thumb/v7-m/nofp/libc_nano.a(lib_a-findfp.o) (_fwalk)
/opt/gcc-arm-none-eabi-10.3-2021.10/bin/../lib/gcc/arm-none-eabi/10.3.1/../../../../arm-none-eabi/lib/thumb/v7-m/nofp/libc_nano.a(lib_a-lock.o)
                              /opt/gcc-arm-none-eabi-10.3-2021.10/bin/../lib/gcc/arm-none-eabi/10.3.1/../../../../arm-none-eabi/lib/thumb/v7-m/nofp/libc_nano.a(lib_a-findfp.o) (__retarget_lock_init_recursive)
/opt/gcc-arm-none-eabi-10.3-2021.10/bin/../lib/gcc/arm-none-eabi/10.3.1/../../../../arm-none-eabi/lib/thumb/v7-m/nofp/libc_nano.a(lib_a-nano-mallocr.o)
                              /opt/gcc-arm-none-eabi-10.3-2021.10/bin/../lib/gcc/arm-none-eabi/10.3.1/../../../../arm-none-eabi/lib/thumb/v7-m/nofp/libc_nano.a(lib_a-findfp.o) (_malloc_r)
/opt/gcc-arm-none-eabi-10.3-2021.10/bin/../lib/gcc/arm-none-eabi/10.3.1/../../../../arm-none-eabi/lib/thumb/v7-m/nofp/libc_nano.a(lib_a-nano-vfprintf.o)
                              /opt/gcc-arm-none-eabi-10.3-2021.10/bin/../lib/gcc/arm-none-eabi/10.3.1/../../../../arm-none-eabi/lib/thumb/v7-m/nofp/libc_nano.a(lib_a-printf.o) (_vfprintf_r)
/opt/gcc-arm-none-eabi-10.3-2021.10/bin/../lib/gcc/arm-none-eabi/10.3.1/../../../../arm-none-eabi/lib/thumb/v7-m/nofp/libc_nano.a(lib_a-nano-vfprintf_i.o)
                              /opt/gcc-arm-none-eabi-10.3-2021.10/bin/../lib/gcc/arm-none-eabi/10.3.1/../../../../arm-none-eabi/lib/thumb/v7-m/nofp/libc_nano.a(lib_a-nano-vfprintf.o) (_printf_i)
/opt/gcc-arm-none-eabi-10.3-2021.10/bin/../lib/gcc/arm-none-eabi/10.3.1/../../../../arm-none-eabi/lib/thumb/v7-m/nofp/libc_nano.a(lib_a-sbrkr.o)
                              /opt/gcc-arm-none-eabi-10.3-2021.10/bin/../lib/gcc/arm-none-eabi/10.3.1/../../../../arm-none-eabi/lib/thumb/v7-m/nofp/libc_nano.a(lib_a-nano-mallocr.o) (_sbrk_r)
/opt/gcc-arm-none-eabi-10.3-2021.10/bin/../lib/gcc/arm-none-eabi/10.3.1/../../../../arm-none-eabi/lib/thumb/v7-m/nofp/libc_nano.a(lib_a-stdio.o)
[...]
Memory Configuration

Name             Origin             Length             Attributes
RAM              0x0000000020000000 0x000000000001c000 xrw
RAM2             0x000000002001c000 0x0000000000004000 xrw
FLASH            0x0000000008000000 0x0000000000100000 xr
*default*        0x0000000000000000 0xffffffffffffffff

Linker script and memory map

LOAD /opt/gcc-arm-none-eabi-10.3-2021.10/bin/../lib/gcc/arm-none-eabi/10.3.1/thumb/v7-m/nofp/crti.o
LOAD /opt/gcc-arm-none-eabi-10.3-2021.10/bin/../lib/gcc/arm-none-eabi/10.3.1/thumb/v7-m/nofp/crtbegin.o
LOAD /opt/gcc-arm-none-eabi-10.3-2021.10/bin/../lib/gcc/arm-none-eabi/10.3.1/../../../../arm-none-eabi/lib/thumb/v7-m/nofp/crt0.o
LOAD build/main.o
LOAD build/freertos.o
LOAD build/stm32f2xx_it.o
LOAD build/stm32f2xx_hal_msp.o
LOAD build/stm32f2xx_hal.o
LOAD build/stm32f2xx_hal_rcc.o
LOAD build/stm32f2xx_hal_rcc_ex.o
LOAD build/stm32f2xx_hal_cortex.o
LOAD build/stm32f2xx_hal_flash.o
LOAD build/stm32f2xx_hal_flash_ex.o
LOAD build/stm32f2xx_hal_pwr.o
LOAD build/stm32f2xx_hal_pwr_ex.o
LOAD build/stm32f2xx_hal_gpio.o
LOAD build/stm32f2xx_hal_dma.o
LOAD build/stm32f2xx_hal_dma_ex.o
LOAD build/stm32f2xx_hal_exti.o
LOAD build/stm32f2xx_hal_tim.o
LOAD build/stm32f2xx_hal_tim_ex.o
LOAD build/system_stm32f2xx.o
LOAD build/croutine.o
LOAD build/event_groups.o
LOAD build/list.o
LOAD build/queue.o
LOAD build/stream_buffer.o
LOAD build/tasks.o
LOAD build/timers.o
LOAD build/cmsis_os.o
LOAD build/heap_4.o
LOAD build/port.o
LOAD build/lwip.o
LOAD build/ethernetif.o
LOAD build/stm32f2xx_hal_eth.o
LOAD build/auth.o
LOAD build/ccp.o
LOAD build/chap_ms.o
LOAD build/chap-md5.o
LOAD build/chap-new.o
LOAD build/demand.o
LOAD build/eap.o
LOAD build/eui64.o
LOAD build/fsm.o
LOAD build/ipcp.o
LOAD build/ipv6cp.o
LOAD build/lcp.o
LOAD build/magic.o
LOAD build/mppe.o
LOAD build/multilink.o
LOAD build/ppp.o
LOAD build/pppapi.o
LOAD build/pppcrypt.o
LOAD build/pppoe.o
LOAD build/pppol2tp.o
LOAD build/pppos.o
LOAD build/upap.o
LOAD build/utils.o
LOAD build/vj.o
LOAD build/ethernet.o
LOAD build/slipif.o
LOAD build/lowpan6.o
LOAD build/ecp.o
LOAD build/netdb.o
LOAD build/err.o
LOAD build/sockets.o
LOAD build/netifapi.o
LOAD build/tcpip.o
LOAD build/netbuf.o
LOAD build/api_msg.o
LOAD build/api_lib.o
LOAD build/udp.o
LOAD build/tcp_in.o
LOAD build/dns.o
LOAD build/init.o
LOAD build/tcp_out.o
LOAD build/def.o
LOAD build/sys.o
LOAD build/tcp.o
LOAD build/timeouts.o
LOAD build/inet_chksum.o
LOAD build/netif.o
LOAD build/ip.o
LOAD build/raw.o
LOAD build/mem.o
LOAD build/pbuf.o
LOAD build/memp.o
LOAD build/stats.o
LOAD build/icmp.o
LOAD build/autoip.o
LOAD build/ip4.o
LOAD build/igmp.o
LOAD build/ip4_addr.o
LOAD build/etharp.o
LOAD build/ip4_frag.o
LOAD build/dhcp.o
LOAD build/dhcp6.o
LOAD build/ip6_frag.o
LOAD build/icmp6.o
LOAD build/ip6_addr.o
LOAD build/ethip6.o
LOAD build/inet6.o
LOAD build/nd6.o
LOAD build/ip6.o
LOAD build/mld6.o
LOAD build/sys_arch.o
LOAD build/mqtt.o
LOAD build/startup_stm32f207xx.o
LOAD /opt/gcc-arm-none-eabi-10.3-2021.10/bin/../lib/gcc/arm-none-eabi/10.3.1/../../../../arm-none-eabi/lib/thumb/v7-m/nofp/libc_nano.a
LOAD /opt/gcc-arm-none-eabi-10.3-2021.10/bin/../lib/gcc/arm-none-eabi/10.3.1/../../../../arm-none-eabi/lib/thumb/v7-m/nofp/libm.a
LOAD /opt/gcc-arm-none-eabi-10.3-2021.10/bin/../lib/gcc/arm-none-eabi/10.3.1/../../../../arm-none-eabi/lib/thumb/v7-m/nofp/libnosys.a
START GROUP
LOAD /opt/gcc-arm-none-eabi-10.3-2021.10/bin/../lib/gcc/arm-none-eabi/10.3.1/thumb/v7-m/nofp/libgcc.a
LOAD /opt/gcc-arm-none-eabi-10.3-2021.10/bin/../lib/gcc/arm-none-eabi/10.3.1/../../../../arm-none-eabi/lib/thumb/v7-m/nofp/libc_nano.a
END GROUP
START GROUP
LOAD /opt/gcc-arm-none-eabi-10.3-2021.10/bin/../lib/gcc/arm-none-eabi/10.3.1/thumb/v7-m/nofp/libgcc.a
LOAD /opt/gcc-arm-none-eabi-10.3-2021.10/bin/../lib/gcc/arm-none-eabi/10.3.1/../../../../arm-none-eabi/lib/thumb/v7-m/nofp/libc_nano.a
END GROUP
LOAD /opt/gcc-arm-none-eabi-10.3-2021.10/bin/../lib/gcc/arm-none-eabi/10.3.1/thumb/v7-m/nofp/crtend.o
LOAD /opt/gcc-arm-none-eabi-10.3-2021.10/bin/../lib/gcc/arm-none-eabi/10.3.1/thumb/v7-m/nofp/crtn.o
                0x000000002001c000                _estack = 0x2001c000
                0x0000000000000200                _Min_Heap_Size = 0x200
                0x0000000000000400                _Min_Stack_Size = 0x400

.isr_vector     0x0000000008000000      0x184
                0x0000000008000000                . = ALIGN (0x4)
 *(.isr_vector)
 .isr_vector    0x0000000008000000      0x184 build/startup_stm32f207xx.o
                0x0000000008000000                g_pfnVectors
                0x0000000008000184                . = ALIGN (0x4)

.text           0x0000000008000190     0xad94
                0x0000000008000190                . = ALIGN (0x4)
 *(.text)
 .text          0x0000000008000190       0x40 /opt/gcc-arm-none-eabi-10.3-2021.10/bin/../lib/gcc/arm-none-eabi/10.3.1/thumb/v7-m/nofp/crtbegin.o
 .text          0x00000000080001d0       0x30 /opt/gcc-arm-none-eabi-10.3-2021.10/bin/../lib/gcc/arm-none-eabi/10.3.1/thumb/v7-m/nofp/libgcc.a(_aeabi_uldivmod.o)
                0x00000000080001d0                __aeabi_uldivmod
 .text          0x0000000008000200      0x2d4 /opt/gcc-arm-none-eabi-10.3-2021.10/bin/../lib/gcc/arm-none-eabi/10.3.1/thumb/v7-m/nofp/libgcc.a(_udivmoddi4.o)
                0x0000000008000200                __udivmoddi4
 .text          0x00000000080004d4        0x4 /opt/gcc-arm-none-eabi-10.3-2021.10/bin/../lib/gcc/arm-none-eabi/10.3.1/thumb/v7-m/nofp/libgcc.a(_dvmd_tls.o)
                0x00000000080004d4                __aeabi_ldiv0
                0x00000000080004d4                __aeabi_idiv0
 *(.text*)
 .text.MX_GPIO_Init
                0x00000000080004d8       0x94 build/main.o
 .text.StartLWIPTask
                0x000000000800056c        0x8 build/main.o
                0x000000000800056c                StartLWIPTask
 .text.StartDefaultTask
                0x0000000008000574       0x38 build/main.o
                0x0000000008000574                StartDefaultTask
 .text.Error_Handler
                0x00000000080005ac        0x4 build/main.o
                0x00000000080005ac                Error_Handler
 .text.SystemClock_Config
                0x00000000080005b0       0x6e build/main.o
                0x00000000080005b0                SystemClock_Config
 *fill*         0x000000000800061e        0x2 
 .text.main     0x0000000008000620       0x68 build/main.o
                0x0000000008000620                main
 .text.vApplicationGetIdleTaskMemory
                0x0000000008000688       0x18 build/freertos.o
                0x0000000008000688                vApplicationGetIdleTaskMemory
 .text.NMI_Handler
                0x00000000080006a0        0x2 build/stm32f2xx_it.o
                0x00000000080006a0                NMI_Handler
 .text.HardFault_Handler
                0x00000000080006a2        0x2 build/stm32f2xx_it.o
                0x00000000080006a2                HardFault_Handler
 .text.MemManage_Handler
                0x00000000080006a4        0x2 build/stm32f2xx_it.o
                0x00000000080006a4                MemManage_Handler
 .text.BusFault_Handler
                0x00000000080006a6        0x2 build/stm32f2xx_it.o
                0x00000000080006a6                BusFault_Handler
 .text.UsageFault_Handler
                0x00000000080006a8        0x2 build/stm32f2xx_it.o
                0x00000000080006a8                UsageFault_Handler
 .text.DebugMon_Handler
                0x00000000080006aa        0x2 build/stm32f2xx_it.o
                0x00000000080006aa                DebugMon_Handler
 .text.SysTick_Handler
                0x00000000080006ac       0x16 build/stm32f2xx_it.o
                0x00000000080006ac                SysTick_Handler
 *fill*         0x00000000080006c2        0x2 
 .text.ETH_IRQHandler
                0x00000000080006c4       0x10 build/stm32f2xx_it.o
                0x00000000080006c4                ETH_IRQHandler
 .text.HAL_MspInit
                0x00000000080006d4       0x44 build/stm32f2xx_hal_msp.o
                0x00000000080006d4                HAL_MspInit
 .text.HAL_InitTick
                0x0000000008000718       0x4c build/stm32f2xx_hal.o
                0x0000000008000718                HAL_InitTick
 .text.HAL_Init
                0x0000000008000764       0x34 build/stm32f2xx_hal.o
                0x0000000008000764                HAL_Init
 .text.HAL_IncTick
                0x0000000008000798       0x18 build/stm32f2xx_hal.o
                0x0000000008000798                HAL_IncTick
 .text.HAL_GetTick
                0x00000000080007b0        0xc build/stm32f2xx_hal.o
                0x00000000080007b0                HAL_GetTick
 .text.HAL_Delay
                0x00000000080007bc       0x2c build/stm32f2xx_hal.o
                0x00000000080007bc                HAL_Delay
 .text.HAL_RCC_OscConfig
                0x00000000080007e8      0x3b0 build/stm32f2xx_hal_rcc.o
                0x00000000080007e8                HAL_RCC_OscConfig
 .text.HAL_RCC_GetSysClockFreq
                0x0000000008000b98       0xa4 build/stm32f2xx_hal_rcc.o
                0x0000000008000b98                HAL_RCC_GetSysClockFreq
 .text.HAL_RCC_ClockConfig
                0x0000000008000c3c      0x16c build/stm32f2xx_hal_rcc.o
                0x0000000008000c3c                HAL_RCC_ClockConfig
 .text.HAL_RCC_GetHCLKFreq
                0x0000000008000da8        0xc build/stm32f2xx_hal_rcc.o
                0x0000000008000da8                HAL_RCC_GetHCLKFreq
 .text.HAL_NVIC_SetPriorityGrouping
                0x0000000008000db4       0x24 build/stm32f2xx_hal_cortex.o
                0x0000000008000db4                HAL_NVIC_SetPriorityGrouping
 .text.HAL_NVIC_SetPriority
                0x0000000008000dd8       0x70 build/stm32f2xx_hal_cortex.o
                0x0000000008000dd8                HAL_NVIC_SetPriority
 .text.HAL_NVIC_EnableIRQ
                0x0000000008000e48       0x1c build/stm32f2xx_hal_cortex.o
                0x0000000008000e48                HAL_NVIC_EnableIRQ
 .text.HAL_SYSTICK_Config
                0x0000000008000e64       0x28 build/stm32f2xx_hal_cortex.o
                0x0000000008000e64                HAL_SYSTICK_Config
 .text.HAL_GPIO_Init
                0x0000000008000e8c      0x208 build/stm32f2xx_hal_gpio.o
                0x0000000008000e8c                HAL_GPIO_Init
 .text.HAL_GPIO_WritePin
                0x0000000008001094        0xc build/stm32f2xx_hal_gpio.o
                0x0000000008001094                HAL_GPIO_WritePin
 .text.SystemInit
                0x00000000080010a0        0x2 build/system_stm32f2xx.o
                0x00000000080010a0                SystemInit
 .text.vListInitialise
                0x00000000080010a2       0x16 build/list.o
                0x00000000080010a2                vListInitialise
 .text.vListInitialiseItem
                0x00000000080010b8        0x6 build/list.o
                0x00000000080010b8                vListInitialiseItem
 .text.vListInsertEnd
                0x00000000080010be       0x16 build/list.o
                0x00000000080010be                vListInsertEnd
 .text.vListInsert
                0x00000000080010d4       0x32 build/list.o
                0x00000000080010d4                vListInsert
 .text.uxListRemove
                0x0000000008001106       0x26 build/list.o
                0x0000000008001106                uxListRemove
 .text.prvGetDisinheritPriorityAfterTimeout
                0x000000000800112c       0x10 build/queue.o
 .text.prvIsQueueFull
                0x000000000800113c       0x1e build/queue.o
 .text.prvIsQueueEmpty
                0x000000000800115a       0x1a build/queue.o
 .text.prvCopyDataToQueue
                0x0000000008001174       0x76 build/queue.o
 .text.prvCopyDataFromQueue
                0x00000000080011ea       0x24 build/queue.o
 .text.prvUnlockQueue
                0x000000000800120e       0x6e build/queue.o
 .text.xQueueGenericReset
                0x000000000800127c       0x84 build/queue.o
                0x000000000800127c                xQueueGenericReset
 .text.prvInitialiseNewQueue
                0x0000000008001300       0x1c build/queue.o
 .text.xQueueGenericCreateStatic
                0x000000000800131c       0x92 build/queue.o
                0x000000000800131c                xQueueGenericCreateStatic
 .text.xQueueGenericCreate
                0x00000000080013ae       0x4e build/queue.o
                0x00000000080013ae                xQueueGenericCreate
 .text.xQueueGenericSend
                0x00000000080013fc      0x188 build/queue.o
                0x00000000080013fc                xQueueGenericSend
 .text.prvInitialiseMutex
                0x0000000008001584       0x18 build/queue.o
 .text.xQueueCreateMutex
                0x000000000800159c       0x16 build/queue.o
                0x000000000800159c                xQueueCreateMutex
 .text.xQueueCreateMutexStatic
                0x00000000080015b2       0x1e build/queue.o
                0x00000000080015b2                xQueueCreateMutexStatic
 .text.xQueueGenericSendFromISR
                0x00000000080015d0       0xcc build/queue.o
                0x00000000080015d0                xQueueGenericSendFromISR
 .text.xQueueGiveFromISR
                0x000000000800169c       0xb2 build/queue.o
                0x000000000800169c                xQueueGiveFromISR
 .text.xQueueReceive
                0x000000000800174e      0x15e build/queue.o
                0x000000000800174e                xQueueReceive
 .text.xQueueSemaphoreTake
                0x00000000080018ac      0x1a6 build/queue.o
                0x00000000080018ac                xQueueSemaphoreTake
 .text.xQueueReceiveFromISR
                0x0000000008001a52       0xa8 build/queue.o
                0x0000000008001a52                xQueueReceiveFromISR
 *fill*         0x0000000008001afa        0x2 
 .text.prvResetNextTaskUnblockTime
                0x0000000008001afc       0x2c build/tasks.o
 .text.prvInitialiseNewTask
                0x0000000008001b28       0x94 build/tasks.o
 .text.prvInitialiseTaskLists
                0x0000000008001bbc       0x68 build/tasks.o
 .text.prvAddNewTaskToReadyList
                0x0000000008001c24       0xa8 build/tasks.o
 .text.prvDeleteTCB
                0x0000000008001ccc       0x38 build/tasks.o
 .text.prvCheckTasksWaitingTermination
                0x0000000008001d04       0x4c build/tasks.o
 .text.prvIdleTask
                0x0000000008001d50       0x28 build/tasks.o
 .text.prvAddCurrentTaskToDelayedList
                0x0000000008001d78       0x98 build/tasks.o
 .text.xTaskCreateStatic
                0x0000000008001e10       0x74 build/tasks.o
                0x0000000008001e10                xTaskCreateStatic
 .text.xTaskCreate
                0x0000000008001e84       0x68 build/tasks.o
                0x0000000008001e84                xTaskCreate
 .text.vTaskStartScheduler
                0x0000000008001eec       0x74 build/tasks.o
                0x0000000008001eec                vTaskStartScheduler
 .text.vTaskSuspendAll
                0x0000000008001f60       0x10 build/tasks.o
                0x0000000008001f60                vTaskSuspendAll
 .text.xTaskGetTickCount
                0x0000000008001f70        0xc build/tasks.o
                0x0000000008001f70                xTaskGetTickCount
 .text.xTaskGetTickCountFromISR
                0x0000000008001f7c       0x10 build/tasks.o
                0x0000000008001f7c                xTaskGetTickCountFromISR
 .text.xTaskIncrementTick
                0x0000000008001f8c      0x118 build/tasks.o
                0x0000000008001f8c                xTaskIncrementTick
 .text.xTaskResumeAll
                0x00000000080020a4       0xf8 build/tasks.o
                0x00000000080020a4                xTaskResumeAll
 .text.vTaskDelay
                0x000000000800219c       0x4c build/tasks.o
                0x000000000800219c                vTaskDelay
 .text.vTaskSwitchContext
                0x00000000080021e8       0x98 build/tasks.o
                0x00000000080021e8                vTaskSwitchContext
 .text.vTaskPlaceOnEventList
                0x0000000008002280       0x30 build/tasks.o
                0x0000000008002280                vTaskPlaceOnEventList
 .text.xTaskRemoveFromEventList
                0x00000000080022b0       0x8c build/tasks.o
                0x00000000080022b0                xTaskRemoveFromEventList
 .text.vTaskInternalSetTimeOutState
                0x000000000800233c       0x18 build/tasks.o
                0x000000000800233c                vTaskInternalSetTimeOutState
 .text.xTaskCheckForTimeOut
                0x0000000008002354       0x84 build/tasks.o
                0x0000000008002354                xTaskCheckForTimeOut
 .text.vTaskMissedYield
                0x00000000080023d8        0xc build/tasks.o
                0x00000000080023d8                vTaskMissedYield
 .text.xTaskGetSchedulerState
                0x00000000080023e4       0x20 build/tasks.o
                0x00000000080023e4                xTaskGetSchedulerState
 .text.xTaskPriorityInherit
                0x0000000008002404       0xbc build/tasks.o
                0x0000000008002404                xTaskPriorityInherit
 .text.xTaskPriorityDisinherit
                0x00000000080024c0       0xb4 build/tasks.o
                0x00000000080024c0                xTaskPriorityDisinherit
 .text.vTaskPriorityDisinheritAfterTimeout
                0x0000000008002574       0xc0 build/tasks.o
                0x0000000008002574                vTaskPriorityDisinheritAfterTimeout
 .text.pvTaskIncrementMutexHeldCount
                0x0000000008002634       0x1c build/tasks.o
                0x0000000008002634                pvTaskIncrementMutexHeldCount
 .text.makeFreeRtosPriority
                0x0000000008002650        0xc build/cmsis_os.o
 .text.inHandlerMode
                0x000000000800265c        0xc build/cmsis_os.o
 .text.osKernelStart
                0x0000000008002668        0xa build/cmsis_os.o
                0x0000000008002668                osKernelStart
 .text.osKernelSysTick
                0x0000000008002672       0x14 build/cmsis_os.o
                0x0000000008002672                osKernelSysTick
 .text.osThreadCreate
                0x0000000008002686       0x6a build/cmsis_os.o
                0x0000000008002686                osThreadCreate
 .text.osDelay  0x00000000080026f0        0xe build/cmsis_os.o
                0x00000000080026f0                osDelay
 .text.osMutexCreate
                0x00000000080026fe       0x16 build/cmsis_os.o
                0x00000000080026fe                osMutexCreate
 .text.osMutexWait
                0x0000000008002714       0x60 build/cmsis_os.o
                0x0000000008002714                osMutexWait
 .text.osMutexRelease
                0x0000000008002774       0x5a build/cmsis_os.o
                0x0000000008002774                osMutexRelease
 .text.osSemaphoreCreate
                0x00000000080027ce       0x48 build/cmsis_os.o
                0x00000000080027ce                osSemaphoreCreate
 .text.osSemaphoreWait
                0x0000000008002816       0x5e build/cmsis_os.o
                0x0000000008002816                osSemaphoreWait
 .text.osSemaphoreRelease
                0x0000000008002874       0x5a build/cmsis_os.o
                0x0000000008002874                osSemaphoreRelease
 .text.osMessageCreate
                0x00000000080028ce       0x2a build/cmsis_os.o
                0x00000000080028ce                osMessageCreate
 .text.osMessagePut
                0x00000000080028f8       0x66 build/cmsis_os.o
                0x00000000080028f8                osMessagePut
 .text.osMessageGet
                0x000000000800295e       0x88 build/cmsis_os.o
                0x000000000800295e                osMessageGet
 *fill*         0x00000000080029e6        0x2 
 .text.prvHeapInit
                0x00000000080029e8       0x64 build/heap_4.o
 .text.prvInsertBlockIntoFreeList
                0x0000000008002a4c       0x60 build/heap_4.o
 .text.pvPortMalloc
                0x0000000008002aac       0xf0 build/heap_4.o
                0x0000000008002aac                pvPortMalloc
 .text.vPortFree
                0x0000000008002b9c       0x70 build/heap_4.o
                0x0000000008002b9c                vPortFree
 .text.prvTaskExitError
                0x0000000008002c0c       0x40 build/port.o
 .text.prvPortStartFirstTask
                0x0000000008002c4c       0x20 build/port.o
 .text.pxPortInitialiseStack
                0x0000000008002c6c       0x24 build/port.o
                0x0000000008002c6c                pxPortInitialiseStack
 .text.SVC_Handler
                0x0000000008002c90       0x24 build/port.o
                0x0000000008002c90                SVC_Handler
 .text.vPortEnterCritical
                0x0000000008002cb4       0x44 build/port.o
                0x0000000008002cb4                vPortEnterCritical
 .text.vPortExitCritical
                0x0000000008002cf8       0x2c build/port.o
                0x0000000008002cf8                vPortExitCritical
 *fill*         0x0000000008002d24        0xc 
 .text.PendSV_Handler
                0x0000000008002d30       0x44 build/port.o
                0x0000000008002d30                PendSV_Handler
 .text.xPortSysTickHandler
                0x0000000008002d74       0x2c build/port.o
                0x0000000008002d74                xPortSysTickHandler
 .text.vPortSetupTimerInterrupt
                0x0000000008002da0       0x28 build/port.o
                0x0000000008002da0                vPortSetupTimerInterrupt
 .text.xPortStartScheduler
                0x0000000008002dc8       0xc0 build/port.o
                0x0000000008002dc8                xPortStartScheduler
 .text.vPortValidateInterruptPriority
                0x0000000008002e88       0x5c build/port.o
                0x0000000008002e88                vPortValidateInterruptPriority
 .text.MX_LWIP_Init
                0x0000000008002ee4      0x174 build/lwip.o
                0x0000000008002ee4                MX_LWIP_Init
 .text.low_level_input
                0x0000000008003058       0xd4 build/ethernetif.o
 .text.ethernetif_input
                0x000000000800312c       0x4c build/ethernetif.o
                0x000000000800312c                ethernetif_input
 .text.low_level_output
                0x0000000008003178       0xb8 build/ethernetif.o
 .text.low_level_init
                0x0000000008003230      0x10c build/ethernetif.o
 .text.HAL_ETH_MspInit
                0x000000000800333c      0x100 build/ethernetif.o
                0x000000000800333c                HAL_ETH_MspInit
 .text.HAL_ETH_RxCpltCallback
                0x000000000800343c       0x10 build/ethernetif.o
                0x000000000800343c                HAL_ETH_RxCpltCallback
 .text.ethernetif_init
                0x000000000800344c       0x48 build/ethernetif.o
                0x000000000800344c                ethernetif_init
 .text.sys_now  0x0000000008003494        0x8 build/ethernetif.o
                0x0000000008003494                sys_now
 .text.ethernetif_set_link
                0x000000000800349c       0x4c build/ethernetif.o
                0x000000000800349c                ethernetif_set_link
 .text.ethernetif_notify_conn_changed
                0x00000000080034e8        0x2 build/ethernetif.o
                0x00000000080034e8                ethernetif_notify_conn_changed
 *fill*         0x00000000080034ea        0x2 
 .text.ethernetif_update_config
                0x00000000080034ec       0xc8 build/ethernetif.o
                0x00000000080034ec                ethernetif_update_config
 .text.ETH_MACAddressConfig
                0x00000000080035b4       0x30 build/stm32f2xx_hal_eth.o
 .text.ETH_DMATransmissionEnable
                0x00000000080035e4       0x10 build/stm32f2xx_hal_eth.o
 .text.ETH_DMATransmissionDisable
                0x00000000080035f4       0x10 build/stm32f2xx_hal_eth.o
 .text.ETH_DMAReceptionEnable
                0x0000000008003604       0x10 build/stm32f2xx_hal_eth.o
 .text.ETH_DMAReceptionDisable
                0x0000000008003614       0x10 build/stm32f2xx_hal_eth.o
 .text.ETH_Delay
                0x0000000008003624       0x2c build/stm32f2xx_hal_eth.o
 .text.ETH_MACTransmissionEnable
                0x0000000008003650       0x2a build/stm32f2xx_hal_eth.o
 .text.ETH_MACReceptionEnable
                0x000000000800367a       0x2a build/stm32f2xx_hal_eth.o
 .text.ETH_FlushTransmitFIFO
                0x00000000080036a4       0x36 build/stm32f2xx_hal_eth.o
 .text.ETH_MACReceptionDisable
                0x00000000080036da       0x2a build/stm32f2xx_hal_eth.o
 .text.ETH_MACTransmissionDisable
                0x0000000008003704       0x2a build/stm32f2xx_hal_eth.o
 *fill*         0x000000000800372e        0x2 
 .text.ETH_MACDMAConfig
                0x0000000008003730      0x19c build/stm32f2xx_hal_eth.o
 .text.HAL_ETH_DMATxDescListInit
                0x00000000080038cc       0x80 build/stm32f2xx_hal_eth.o
                0x00000000080038cc                HAL_ETH_DMATxDescListInit
 .text.HAL_ETH_DMARxDescListInit
                0x000000000800394c       0x7c build/stm32f2xx_hal_eth.o
                0x000000000800394c                HAL_ETH_DMARxDescListInit
 .text.HAL_ETH_TransmitFrame
                0x00000000080039c8      0x128 build/stm32f2xx_hal_eth.o
                0x00000000080039c8                HAL_ETH_TransmitFrame
 .text.HAL_ETH_GetReceivedFrame_IT
                0x0000000008003af0       0x98 build/stm32f2xx_hal_eth.o
                0x0000000008003af0                HAL_ETH_GetReceivedFrame_IT
 .text.HAL_ETH_TxCpltCallback
                0x0000000008003b88        0x2 build/stm32f2xx_hal_eth.o
                0x0000000008003b88                HAL_ETH_TxCpltCallback
 .text.HAL_ETH_ErrorCallback
                0x0000000008003b8a        0x2 build/stm32f2xx_hal_eth.o
                0x0000000008003b8a                HAL_ETH_ErrorCallback
 .text.HAL_ETH_IRQHandler
                0x0000000008003b8c       0x90 build/stm32f2xx_hal_eth.o
                0x0000000008003b8c                HAL_ETH_IRQHandler
 .text.HAL_ETH_ReadPHYRegister
                0x0000000008003c1c       0x78 build/stm32f2xx_hal_eth.o
                0x0000000008003c1c                HAL_ETH_ReadPHYRegister
 .text.HAL_ETH_WritePHYRegister
                0x0000000008003c94       0x74 build/stm32f2xx_hal_eth.o
                0x0000000008003c94                HAL_ETH_WritePHYRegister
 .text.HAL_ETH_Init
                0x0000000008003d08      0x240 build/stm32f2xx_hal_eth.o
                0x0000000008003d08                HAL_ETH_Init
 .text.HAL_ETH_Start
                0x0000000008003f48       0x44 build/stm32f2xx_hal_eth.o
                0x0000000008003f48                HAL_ETH_Start
 .text.HAL_ETH_Stop
                0x0000000008003f8c       0x44 build/stm32f2xx_hal_eth.o
                0x0000000008003f8c                HAL_ETH_Stop
 .text.HAL_ETH_ConfigMAC
                0x0000000008003fd0      0x130 build/stm32f2xx_hal_eth.o
                0x0000000008003fd0                HAL_ETH_ConfigMAC
 .text.ethernet_input
                0x0000000008004100       0xa8 build/ethernet.o
                0x0000000008004100                ethernet_input
 .text.ethernet_output
                0x00000000080041a8       0x70 build/ethernet.o
                0x00000000080041a8                ethernet_output
 .text.tcpip_thread
                0x0000000008004218       0xa4 build/tcpip.o
 .text.tcpip_inpkt
                0x00000000080042bc       0x64 build/tcpip.o
                0x00000000080042bc                tcpip_inpkt
 .text.tcpip_input
                0x0000000008004320       0x24 build/tcpip.o
                0x0000000008004320                tcpip_input
 .text.tcpip_callback_with_block
                0x0000000008004344       0x70 build/tcpip.o
                0x0000000008004344                tcpip_callback_with_block
 .text.tcpip_init
                0x00000000080043b4       0x84 build/tcpip.o
                0x00000000080043b4                tcpip_init
 .text.udp_input_local_match
                0x0000000008004438       0x54 build/udp.o
 .text.udp_init
                0x000000000800448c        0x2 build/udp.o
                0x000000000800448c                udp_init
 *fill*         0x000000000800448e        0x2 
 .text.udp_input
                0x0000000008004490      0x138 build/udp.o
                0x0000000008004490                udp_input
 .text.udp_netif_ip_addr_changed
                0x00000000080045c8       0x30 build/udp.o
                0x00000000080045c8                udp_netif_ip_addr_changed
 .text.tcp_getoptbyte
                0x00000000080045f8       0x4c build/tcp_in.o
 .text.tcp_parseopt
                0x0000000008004644       0x88 build/tcp_in.o
 .text.tcp_input_delayed_close
                0x00000000080046cc       0x44 build/tcp_in.o
 .text.tcp_timewait_input
                0x0000000008004710       0x90 build/tcp_in.o
 .text.tcp_listen_input
                0x00000000080047a0      0x118 build/tcp_in.o
 .text.tcp_oos_insert_segment
                0x00000000080048b8       0x88 build/tcp_in.o
 .text.tcp_receive
                0x0000000008004940      0xa30 build/tcp_in.o
 .text.tcp_process
                0x0000000008005370      0x528 build/tcp_in.o
 .text.tcp_input
                0x0000000008005898      0x520 build/tcp_in.o
                0x0000000008005898                tcp_input
 .text.tcp_trigger_input_pcb_close
                0x0000000008005db8       0x10 build/tcp_in.o
                0x0000000008005db8                tcp_trigger_input_pcb_close
 .text.lwip_init
                0x0000000008005dc8       0x20 build/init.o
                0x0000000008005dc8                lwip_init
 .text.tcp_create_segment
                0x0000000008005de8       0xb8 build/tcp_out.o
 .text.tcp_output_alloc_header
                0x0000000008005ea0       0x94 build/tcp_out.o
 .text.tcp_output_segment
                0x0000000008005f34       0xbc build/tcp_out.o
 .text.tcp_enqueue_flags
                0x0000000008005ff0      0x164 build/tcp_out.o
                0x0000000008005ff0                tcp_enqueue_flags
 .text.tcp_send_fin
                0x0000000008006154       0x44 build/tcp_out.o
                0x0000000008006154                tcp_send_fin
 .text.tcp_send_empty_ack
                0x0000000008006198       0x72 build/tcp_out.o
                0x0000000008006198                tcp_send_empty_ack
 *fill*         0x000000000800620a        0x2 
 .text.tcp_output
                0x000000000800620c      0x290 build/tcp_out.o
                0x000000000800620c                tcp_output
 .text.tcp_rst  0x000000000800649c       0xac build/tcp_out.o
                0x000000000800649c                tcp_rst
 .text.tcp_rexmit_rto
                0x0000000008006548       0x32 build/tcp_out.o
                0x0000000008006548                tcp_rexmit_rto
 .text.tcp_rexmit
                0x000000000800657a       0x54 build/tcp_out.o
                0x000000000800657a                tcp_rexmit
 .text.tcp_rexmit_fast
                0x00000000080065ce       0x56 build/tcp_out.o
                0x00000000080065ce                tcp_rexmit_fast
 .text.tcp_keepalive
                0x0000000008006624       0x58 build/tcp_out.o
                0x0000000008006624                tcp_keepalive
 .text.tcp_zero_window_probe
                0x000000000800667c       0xd4 build/tcp_out.o
                0x000000000800667c                tcp_zero_window_probe
 .text.lwip_htons
                0x0000000008006750        0x6 build/def.o
                0x0000000008006750                lwip_htons
 .text.lwip_htonl
                0x0000000008006756       0x18 build/def.o
                0x0000000008006756                lwip_htonl
 .text.tcp_remove_listener
                0x000000000800676e       0x14 build/tcp.o
 *fill*         0x0000000008006782        0x2 
 .text.tcp_listen_closed
                0x0000000008006784       0x58 build/tcp.o
 .text.tcp_close_shutdown_fin
                0x00000000080067dc       0x84 build/tcp.o
 .text.tcp_init
                0x0000000008006860        0x2 build/tcp.o
                0x0000000008006860                tcp_init
 *fill*         0x0000000008006862        0x2 
 .text.tcp_update_rcv_ann_wnd
                0x0000000008006864       0x60 build/tcp.o
                0x0000000008006864                tcp_update_rcv_ann_wnd
 .text.tcp_recved
                0x00000000080068c4       0x84 build/tcp.o
                0x00000000080068c4                tcp_recved
 .text.tcp_seg_free
                0x0000000008006948       0x1a build/tcp.o
                0x0000000008006948                tcp_seg_free
 .text.tcp_segs_free
                0x0000000008006962       0x14 build/tcp.o
                0x0000000008006962                tcp_segs_free
 .text.tcp_seg_copy
                0x0000000008006976       0x28 build/tcp.o
                0x0000000008006976                tcp_seg_copy
 .text.tcp_pcb_purge
                0x000000000800699e       0x42 build/tcp.o
                0x000000000800699e                tcp_pcb_purge
 .text.tcp_slowtmr
                0x00000000080069e0      0x40c build/tcp.o
                0x00000000080069e0                tcp_slowtmr
 .text.tcp_pcb_remove
                0x0000000008006dec       0xa4 build/tcp.o
                0x0000000008006dec                tcp_pcb_remove
 .text.tcp_close_shutdown
                0x0000000008006e90      0x150 build/tcp.o
 .text.tcp_close
                0x0000000008006fe0       0x18 build/tcp.o
                0x0000000008006fe0                tcp_close
 .text.tcp_recv_null
                0x0000000008006ff8       0x24 build/tcp.o
                0x0000000008006ff8                tcp_recv_null
 .text.tcp_process_refused_data
                0x000000000800701c       0x6a build/tcp.o
                0x000000000800701c                tcp_process_refused_data
 *fill*         0x0000000008007086        0x2 
 .text.tcp_fasttmr
                0x0000000008007088       0x80 build/tcp.o
                0x0000000008007088                tcp_fasttmr
 .text.tcp_tmr  0x0000000008007108       0x24 build/tcp.o
                0x0000000008007108                tcp_tmr
 .text.tcp_abandon
                0x000000000800712c       0xf8 build/tcp.o
                0x000000000800712c                tcp_abandon
 .text.tcp_abort
                0x0000000008007224        0xa build/tcp.o
                0x0000000008007224                tcp_abort
 *fill*         0x000000000800722e        0x2 
 .text.tcp_kill_timewait
                0x0000000008007230       0x34 build/tcp.o
 .text.tcp_kill_prio
                0x0000000008007264       0x4c build/tcp.o
 .text.tcp_netif_ip_addr_changed_pcblist
                0x00000000080072b0       0x20 build/tcp.o
 .text.tcp_kill_state
                0x00000000080072d0       0x64 build/tcp.o
 .text.tcp_alloc
                0x0000000008007334       0xc0 build/tcp.o
                0x0000000008007334                tcp_alloc
 .text.tcp_next_iss
                0x00000000080073f4       0x18 build/tcp.o
                0x00000000080073f4                tcp_next_iss
 .text.tcp_eff_send_mss_impl
                0x000000000800740c       0x1e build/tcp.o
                0x000000000800740c                tcp_eff_send_mss_impl
 *fill*         0x000000000800742a        0x2 
 .text.tcp_netif_ip_addr_changed
                0x000000000800742c       0x54 build/tcp.o
                0x000000000800742c                tcp_netif_ip_addr_changed
 .text.sys_timeouts_sleeptime
                0x0000000008007480       0x34 build/timeouts.o
 .text.sys_check_timeouts
                0x00000000080074b4       0x60 build/timeouts.o
 .text.sys_timeout
                0x0000000008007514       0xb4 build/timeouts.o
                0x0000000008007514                sys_timeout
 .text.tcp_timer_needed
                0x00000000080075c8       0x3c build/timeouts.o
                0x00000000080075c8                tcp_timer_needed
 .text.tcpip_tcp_timer
                0x0000000008007604       0x38 build/timeouts.o
 .text.sys_timeouts_init
                0x000000000800763c       0x34 build/timeouts.o
                0x000000000800763c                sys_timeouts_init
 .text.cyclic_timer
                0x0000000008007670       0x18 build/timeouts.o
 .text.sys_timeouts_mbox_fetch
                0x0000000008007688       0x40 build/timeouts.o
                0x0000000008007688                sys_timeouts_mbox_fetch
 .text.netif_issue_reports
                0x00000000080076c8       0x22 build/netif.o
 .text.netif_init
                0x00000000080076ea        0x2 build/netif.o
                0x00000000080076ea                netif_init
 .text.netif_set_ipaddr
                0x00000000080076ec       0x4c build/netif.o
                0x00000000080076ec                netif_set_ipaddr
 .text.netif_set_gw
                0x0000000008007738        0xc build/netif.o
                0x0000000008007738                netif_set_gw
 .text.netif_set_netmask
                0x0000000008007744        0xc build/netif.o
                0x0000000008007744                netif_set_netmask
 .text.netif_set_addr
                0x0000000008007750       0x42 build/netif.o
                0x0000000008007750                netif_set_addr
 *fill*         0x0000000008007792        0x2 
 .text.netif_add
                0x0000000008007794       0x84 build/netif.o
                0x0000000008007794                netif_add
 .text.netif_set_default
                0x0000000008007818        0xc build/netif.o
                0x0000000008007818                netif_set_default
 .text.netif_set_up
                0x0000000008007824       0x24 build/netif.o
                0x0000000008007824                netif_set_up
 .text.netif_set_down
                0x0000000008007848       0x22 build/netif.o
                0x0000000008007848                netif_set_down
 .text.netif_set_link_up
                0x000000000800786a       0x30 build/netif.o
                0x000000000800786a                netif_set_link_up
 .text.netif_set_link_down
                0x000000000800789a       0x1c build/netif.o
                0x000000000800789a                netif_set_link_down
 .text.netif_set_link_callback
                0x00000000080078b6        0x6 build/netif.o
                0x00000000080078b6                netif_set_link_callback
 .text.plug_holes
                0x00000000080078bc       0xe0 build/mem.o
 .text.mem_init
                0x000000000800799c       0x68 build/mem.o
                0x000000000800799c                mem_init
 .text.mem_free
                0x0000000008007a04       0xbc build/mem.o
                0x0000000008007a04                mem_free
 .text.mem_trim
                0x0000000008007ac0      0x13c build/mem.o
                0x0000000008007ac0                mem_trim
 .text.mem_malloc
                0x0000000008007bfc      0x148 build/mem.o
                0x0000000008007bfc                mem_malloc
 .text.pbuf_header_impl
                0x0000000008007d44       0xd0 build/pbuf.o
 .text.pbuf_pool_is_empty
                0x0000000008007e14       0x40 build/pbuf.o
 .text.pbuf_free_ooseq
                0x0000000008007e54       0x34 build/pbuf.o
 .text.pbuf_free_ooseq_callback
                0x0000000008007e88        0x8 build/pbuf.o
 .text.pbuf_alloced_custom
                0x0000000008007e90       0x7c build/pbuf.o
                0x0000000008007e90                pbuf_alloced_custom
 .text.pbuf_header
                0x0000000008007f0c        0xa build/pbuf.o
                0x0000000008007f0c                pbuf_header
 .text.pbuf_header_force
                0x0000000008007f16        0xa build/pbuf.o
                0x0000000008007f16                pbuf_header_force
 .text.pbuf_free
                0x0000000008007f20       0xd4 build/pbuf.o
                0x0000000008007f20                pbuf_free
 .text.pbuf_alloc
                0x0000000008007ff4      0x1e0 build/pbuf.o
                0x0000000008007ff4                pbuf_alloc
 .text.pbuf_realloc
                0x00000000080081d4       0xf0 build/pbuf.o
                0x00000000080081d4                pbuf_realloc
 .text.pbuf_clen
                0x00000000080082c4       0x12 build/pbuf.o
                0x00000000080082c4                pbuf_clen
 *fill*         0x00000000080082d6        0x2 
 .text.pbuf_ref
                0x00000000080082d8       0x38 build/pbuf.o
                0x00000000080082d8                pbuf_ref
 .text.pbuf_cat
                0x0000000008008310       0x74 build/pbuf.o
                0x0000000008008310                pbuf_cat
 .text.pbuf_copy
                0x0000000008008384      0x130 build/pbuf.o
                0x0000000008008384                pbuf_copy
 .text.pbuf_copy_partial
                0x00000000080084b4       0x94 build/pbuf.o
                0x00000000080084b4                pbuf_copy_partial
 .text.do_memp_malloc_pool
                0x0000000008008548       0x48 build/memp.o
 .text.do_memp_free_pool
                0x0000000008008590       0x3c build/memp.o
 .text.memp_init_pool
                0x00000000080085cc       0x28 build/memp.o
                0x00000000080085cc                memp_init_pool
 .text.memp_init
                0x00000000080085f4       0x20 build/memp.o
                0x00000000080085f4                memp_init
 .text.memp_malloc
                0x0000000008008614       0x34 build/memp.o
                0x0000000008008614                memp_malloc
 .text.memp_free
                0x0000000008008648       0x34 build/memp.o
                0x0000000008008648                memp_free
 .text.icmp_send_response
                0x000000000800867c       0xa4 build/icmp.o
 .text.icmp_input
                0x0000000008008720      0x13c build/icmp.o
                0x0000000008008720                icmp_input
 .text.icmp_dest_unreach
                0x000000000800885c        0xc build/icmp.o
                0x000000000800885c                icmp_dest_unreach
 .text.icmp_time_exceeded
                0x0000000008008868        0xc build/icmp.o
                0x0000000008008868                icmp_time_exceeded
 .text.ip4_route
                0x0000000008008874       0xa0 build/ip4.o
                0x0000000008008874                ip4_route
 .text.ip4_input
                0x0000000008008914      0x1bc build/ip4.o
                0x0000000008008914                ip4_input
 .text.ip4_output_if_src
                0x0000000008008ad0       0xf4 build/ip4.o
                0x0000000008008ad0                ip4_output_if_src
 .text.ip4_output_if
                0x0000000008008bc4       0x2a build/ip4.o
                0x0000000008008bc4                ip4_output_if
 .text.ip4_addr_isbroadcast_u32
                0x0000000008008bee       0x40 build/ip4_addr.o
                0x0000000008008bee                ip4_addr_isbroadcast_u32
 *fill*         0x0000000008008c2e        0x2 
 .text.etharp_free_entry
                0x0000000008008c30       0x34 build/etharp.o
 .text.etharp_find_entry
                0x0000000008008c64      0x1ac build/etharp.o
 .text.etharp_update_arp_entry
                0x0000000008008e10       0xbc build/etharp.o
 .text.etharp_raw
                0x0000000008008ecc       0xe4 build/etharp.o
 .text.etharp_request_dst
                0x0000000008008fb0       0x24 build/etharp.o
 .text.etharp_cleanup_netif
                0x0000000008008fd4       0x3c build/etharp.o
                0x0000000008008fd4                etharp_cleanup_netif
 .text.etharp_input
                0x0000000008009010       0xb8 build/etharp.o
                0x0000000008009010                etharp_input
 .text.etharp_request
                0x00000000080090c8       0x10 build/etharp.o
                0x00000000080090c8                etharp_request
 .text.etharp_tmr
                0x00000000080090d8       0x8c build/etharp.o
                0x00000000080090d8                etharp_tmr
 .text.etharp_output_to_arp_index
                0x0000000008009164       0xdc build/etharp.o
 .text.etharp_query
                0x0000000008009240      0x1c0 build/etharp.o
                0x0000000008009240                etharp_query
 .text.etharp_output
                0x0000000008009400      0x160 build/etharp.o
                0x0000000008009400                etharp_output
 .text.ip_reass_dequeue_datagram
                0x0000000008009560       0x48 build/ip4_frag.o
 .text.ip_reass_free_complete_datagram
                0x00000000080095a8       0xfc build/ip4_frag.o
 .text.ip_reass_remove_oldest_datagram
                0x00000000080096a4       0x78 build/ip4_frag.o
 .text.ip_frag_free_pbuf_custom_ref
                0x000000000800971c       0x2c build/ip4_frag.o
 .text.ipfrag_free_pbuf_custom
                0x0000000008009748       0x34 build/ip4_frag.o
 .text.ip_reass_chain_frag_into_datagram_and_validate
                0x000000000800977c      0x184 build/ip4_frag.o
 .text.ip_frag_alloc_pbuf_custom_ref
                0x0000000008009900        0xa build/ip4_frag.o
 *fill*         0x000000000800990a        0x2 
 .text.ip_reass_enqueue_new_datagram
                0x000000000800990c       0x60 build/ip4_frag.o
 .text.ip_reass_tmr
                0x000000000800996c       0x2c build/ip4_frag.o
                0x000000000800996c                ip_reass_tmr
 .text.ip4_reass
                0x0000000008009998      0x1a0 build/ip4_frag.o
                0x0000000008009998                ip4_reass
 .text.ip4_frag
                0x0000000008009b38      0x1e8 build/ip4_frag.o
                0x0000000008009b38                ip4_frag
 .text.sys_mbox_new
                0x0000000008009d20       0x28 build/sys_arch.o
                0x0000000008009d20                sys_mbox_new
 .text.sys_mbox_post
                0x0000000008009d48       0x18 build/sys_arch.o
                0x0000000008009d48                sys_mbox_post
 .text.sys_mbox_trypost
                0x0000000008009d60       0x14 build/sys_arch.o
                0x0000000008009d60                sys_mbox_trypost
 .text.sys_arch_mbox_fetch
                0x0000000008009d74       0x58 build/sys_arch.o
                0x0000000008009d74                sys_arch_mbox_fetch
 .text.sys_mbox_valid
                0x0000000008009dcc        0xc build/sys_arch.o
                0x0000000008009dcc                sys_mbox_valid
 .text.sys_init
                0x0000000008009dd8       0x18 build/sys_arch.o
                0x0000000008009dd8                sys_init
 .text.sys_mutex_new
                0x0000000008009df0       0x22 build/sys_arch.o
                0x0000000008009df0                sys_mutex_new
 .text.sys_mutex_lock
                0x0000000008009e12        0xe build/sys_arch.o
                0x0000000008009e12                sys_mutex_lock
 .text.sys_mutex_unlock
                0x0000000008009e20        0xa build/sys_arch.o
                0x0000000008009e20                sys_mutex_unlock
 .text.sys_thread_new
                0x0000000008009e2a       0x2e build/sys_arch.o
                0x0000000008009e2a                sys_thread_new
 .text.sys_arch_protect
                0x0000000008009e58       0x18 build/sys_arch.o
                0x0000000008009e58                sys_arch_protect
 .text.sys_arch_unprotect
                0x0000000008009e70       0x10 build/sys_arch.o
                0x0000000008009e70                sys_arch_unprotect
 .text.Reset_Handler
                0x0000000008009e80       0x50 build/startup_stm32f207xx.o
                0x0000000008009e80                Reset_Handler
 .text.Default_Handler
                0x0000000008009ed0        0x2 build/startup_stm32f207xx.o
                0x0000000008009ed0                RTC_Alarm_IRQHandler
                0x0000000008009ed0                HASH_RNG_IRQHandler
                0x0000000008009ed0                EXTI2_IRQHandler
                0x0000000008009ed0                TIM8_CC_IRQHandler
                0x0000000008009ed0                TIM1_CC_IRQHandler
                0x0000000008009ed0                DMA2_Stream5_IRQHandler
                0x0000000008009ed0                DMA1_Stream5_IRQHandler
                0x0000000008009ed0                PVD_IRQHandler
                0x0000000008009ed0                SDIO_IRQHandler
                0x0000000008009ed0                TAMP_STAMP_IRQHandler
                0x0000000008009ed0                CAN2_RX1_IRQHandler
                0x0000000008009ed0                EXTI3_IRQHandler
                0x0000000008009ed0                TIM8_TRG_COM_TIM14_IRQHandler
                0x0000000008009ed0                TIM1_UP_TIM10_IRQHandler
                0x0000000008009ed0                TIM8_UP_TIM13_IRQHandler
                0x0000000008009ed0                I2C3_ER_IRQHandler
                0x0000000008009ed0                EXTI0_IRQHandler
                0x0000000008009ed0                I2C2_EV_IRQHandler
                0x0000000008009ed0                DMA1_Stream2_IRQHandler
                0x0000000008009ed0                CAN1_RX0_IRQHandler
                0x0000000008009ed0                OTG_HS_WKUP_IRQHandler
                0x0000000008009ed0                CAN2_SCE_IRQHandler
                0x0000000008009ed0                DMA2_Stream2_IRQHandler
                0x0000000008009ed0                SPI1_IRQHandler
                0x0000000008009ed0                TIM6_DAC_IRQHandler
                0x0000000008009ed0                TIM1_BRK_TIM9_IRQHandler
                0x0000000008009ed0                DCMI_IRQHandler
                0x0000000008009ed0                CAN2_RX0_IRQHandler
                0x0000000008009ed0                DMA2_Stream3_IRQHandler
                0x0000000008009ed0                USART6_IRQHandler
                0x0000000008009ed0                USART3_IRQHandler
                0x0000000008009ed0                CAN1_RX1_IRQHandler
                0x0000000008009ed0                UART5_IRQHandler
                0x0000000008009ed0                DMA2_Stream0_IRQHandler
                0x0000000008009ed0                TIM4_IRQHandler
                0x0000000008009ed0                I2C1_EV_IRQHandler
                0x0000000008009ed0                DMA1_Stream6_IRQHandler
                0x0000000008009ed0                DMA1_Stream1_IRQHandler
                0x0000000008009ed0                UART4_IRQHandler
                0x0000000008009ed0                TIM3_IRQHandler
                0x0000000008009ed0                RCC_IRQHandler
                0x0000000008009ed0                TIM8_BRK_TIM12_IRQHandler
                0x0000000008009ed0                Default_Handler
                0x0000000008009ed0                EXTI15_10_IRQHandler
                0x0000000008009ed0                ADC_IRQHandler
                0x0000000008009ed0                DMA1_Stream7_IRQHandler
                0x0000000008009ed0                TIM7_IRQHandler
                0x0000000008009ed0                CAN2_TX_IRQHandler
                0x0000000008009ed0                TIM5_IRQHandler
                0x0000000008009ed0                DMA2_Stream7_IRQHandler
                0x0000000008009ed0                I2C3_EV_IRQHandler
                0x0000000008009ed0                EXTI9_5_IRQHandler
                0x0000000008009ed0                RTC_WKUP_IRQHandler
                0x0000000008009ed0                ETH_WKUP_IRQHandler
                0x0000000008009ed0                SPI2_IRQHandler
                0x0000000008009ed0                OTG_HS_EP1_IN_IRQHandler
                0x0000000008009ed0                DMA1_Stream0_IRQHandler
                0x0000000008009ed0                CAN1_TX_IRQHandler
                0x0000000008009ed0                EXTI4_IRQHandler
                0x0000000008009ed0                FSMC_IRQHandler
                0x0000000008009ed0                OTG_HS_EP1_OUT_IRQHandler
                0x0000000008009ed0                WWDG_IRQHandler
                0x0000000008009ed0                TIM2_IRQHandler
                0x0000000008009ed0                OTG_FS_WKUP_IRQHandler
                0x0000000008009ed0                TIM1_TRG_COM_TIM11_IRQHandler
                0x0000000008009ed0                OTG_HS_IRQHandler
                0x0000000008009ed0                EXTI1_IRQHandler
                0x0000000008009ed0                USART2_IRQHandler
                0x0000000008009ed0                I2C2_ER_IRQHandler
                0x0000000008009ed0                DMA2_Stream1_IRQHandler
                0x0000000008009ed0                CAN1_SCE_IRQHandler
                0x0000000008009ed0                FLASH_IRQHandler
                0x0000000008009ed0                DMA2_Stream4_IRQHandler
                0x0000000008009ed0                USART1_IRQHandler
                0x0000000008009ed0                OTG_FS_IRQHandler
                0x0000000008009ed0                SPI3_IRQHandler
                0x0000000008009ed0                DMA1_Stream4_IRQHandler
                0x0000000008009ed0                I2C1_ER_IRQHandler
                0x0000000008009ed0                DMA2_Stream6_IRQHandler
                0x0000000008009ed0                DMA1_Stream3_IRQHandler
 *fill*         0x0000000008009ed2        0x2 
 .text.__libc_init_array
                0x0000000008009ed4       0x48 /opt/gcc-arm-none-eabi-10.3-2021.10/bin/../lib/gcc/arm-none-eabi/10.3.1/../../../../arm-none-eabi/lib/thumb/v7-m/nofp/libc_nano.a(lib_a-init.o)
                0x0000000008009ed4                __libc_init_array
 .text.memcmp   0x0000000008009f1c       0x20 /opt/gcc-arm-none-eabi-10.3-2021.10/bin/../lib/gcc/arm-none-eabi/10.3.1/../../../../arm-none-eabi/lib/thumb/v7-m/nofp/libc_nano.a(lib_a-memcmp.o)
                0x0000000008009f1c                memcmp
 .text.memcpy   0x0000000008009f3c       0x1c /opt/gcc-arm-none-eabi-10.3-2021.10/bin/../lib/gcc/arm-none-eabi/10.3.1/../../../../arm-none-eabi/lib/thumb/v7-m/nofp/libc_nano.a(lib_a-memcpy-stub.o)
                0x0000000008009f3c                memcpy
 .text.memset   0x0000000008009f58       0x10 /opt/gcc-arm-none-eabi-10.3-2021.10/bin/../lib/gcc/arm-none-eabi/10.3.1/../../../../arm-none-eabi/lib/thumb/v7-m/nofp/libc_nano.a(lib_a-memset.o)
                0x0000000008009f58                memset
 .text.printf   0x0000000008009f68       0x30 /opt/gcc-arm-none-eabi-10.3-2021.10/bin/../lib/gcc/arm-none-eabi/10.3.1/../../../../arm-none-eabi/lib/thumb/v7-m/nofp/libc_nano.a(lib_a-printf.o)
                0x0000000008009f68                printf
                0x0000000008009f68                iprintf
 .text.std      0x0000000008009f98       0x48 /opt/gcc-arm-none-eabi-10.3-2021.10/bin/../lib/gcc/arm-none-eabi/10.3.1/../../../../arm-none-eabi/lib/thumb/v7-m/nofp/libc_nano.a(lib_a-findfp.o)
 .text._cleanup_r
                0x0000000008009fe0        0xc /opt/gcc-arm-none-eabi-10.3-2021.10/bin/../lib/gcc/arm-none-eabi/10.3.1/../../../../arm-none-eabi/lib/thumb/v7-m/nofp/libc_nano.a(lib_a-findfp.o)
                0x0000000008009fe0                _cleanup_r
 .text.__sfmoreglue
                0x0000000008009fec       0x2c /opt/gcc-arm-none-eabi-10.3-2021.10/bin/../lib/gcc/arm-none-eabi/10.3.1/../../../../arm-none-eabi/lib/thumb/v7-m/nofp/libc_nano.a(lib_a-findfp.o)
                0x0000000008009fec                __sfmoreglue
 .text.__sfp_lock_acquire
                0x000000000800a018        0xc /opt/gcc-arm-none-eabi-10.3-2021.10/bin/../lib/gcc/arm-none-eabi/10.3.1/../../../../arm-none-eabi/lib/thumb/v7-m/nofp/libc_nano.a(lib_a-findfp.o)
                0x000000000800a018                __sfp_lock_acquire
 .text.__sfp_lock_release
                0x000000000800a024        0xc /opt/gcc-arm-none-eabi-10.3-2021.10/bin/../lib/gcc/arm-none-eabi/10.3.1/../../../../arm-none-eabi/lib/thumb/v7-m/nofp/libc_nano.a(lib_a-findfp.o)
                0x000000000800a024                __sfp_lock_release
 .text.__sinit_lock_acquire
                0x000000000800a030        0xc /opt/gcc-arm-none-eabi-10.3-2021.10/bin/../lib/gcc/arm-none-eabi/10.3.1/../../../../arm-none-eabi/lib/thumb/v7-m/nofp/libc_nano.a(lib_a-findfp.o)
                0x000000000800a030                __sinit_lock_acquire
 .text.__sinit_lock_release
                0x000000000800a03c        0xc /opt/gcc-arm-none-eabi-10.3-2021.10/bin/../lib/gcc/arm-none-eabi/10.3.1/../../../../arm-none-eabi/lib/thumb/v7-m/nofp/libc_nano.a(lib_a-findfp.o)
                0x000000000800a03c                __sinit_lock_release
 .text.__sinit  0x000000000800a048       0x70 /opt/gcc-arm-none-eabi-10.3-2021.10/bin/../lib/gcc/arm-none-eabi/10.3.1/../../../../arm-none-eabi/lib/thumb/v7-m/nofp/libc_nano.a(lib_a-findfp.o)
                0x000000000800a048                __sinit
 .text.__sfp    0x000000000800a0b8       0x8c /opt/gcc-arm-none-eabi-10.3-2021.10/bin/../lib/gcc/arm-none-eabi/10.3.1/../../../../arm-none-eabi/lib/thumb/v7-m/nofp/libc_nano.a(lib_a-findfp.o)
                0x000000000800a0b8                __sfp
 .text._fwalk_reent
                0x000000000800a144       0x3e /opt/gcc-arm-none-eabi-10.3-2021.10/bin/../lib/gcc/arm-none-eabi/10.3.1/../../../../arm-none-eabi/lib/thumb/v7-m/nofp/libc_nano.a(lib_a-fwalk.o)
                0x000000000800a144                _fwalk_reent
 .text.__retarget_lock_init_recursive
                0x000000000800a182        0x2 /opt/gcc-arm-none-eabi-10.3-2021.10/bin/../lib/gcc/arm-none-eabi/10.3.1/../../../../arm-none-eabi/lib/thumb/v7-m/nofp/libc_nano.a(lib_a-lock.o)
                0x000000000800a182                __retarget_lock_init_recursive
 .text.__retarget_lock_acquire_recursive
                0x000000000800a184        0x2 /opt/gcc-arm-none-eabi-10.3-2021.10/bin/../lib/gcc/arm-none-eabi/10.3.1/../../../../arm-none-eabi/lib/thumb/v7-m/nofp/libc_nano.a(lib_a-lock.o)
                0x000000000800a184                __retarget_lock_acquire_recursive
 .text.__retarget_lock_release_recursive
                0x000000000800a186        0x2 /opt/gcc-arm-none-eabi-10.3-2021.10/bin/../lib/gcc/arm-none-eabi/10.3.1/../../../../arm-none-eabi/lib/thumb/v7-m/nofp/libc_nano.a(lib_a-lock.o)
                0x000000000800a186                __retarget_lock_release_recursive
 .text.sbrk_aligned
                0x000000000800a188       0x40 /opt/gcc-arm-none-eabi-10.3-2021.10/bin/../lib/gcc/arm-none-eabi/10.3.1/../../../../arm-none-eabi/lib/thumb/v7-m/nofp/libc_nano.a(lib_a-nano-mallocr.o)
 .text._malloc_r
                0x000000000800a1c8       0xe8 /opt/gcc-arm-none-eabi-10.3-2021.10/bin/../lib/gcc/arm-none-eabi/10.3.1/../../../../arm-none-eabi/lib/thumb/v7-m/nofp/libc_nano.a(lib_a-nano-mallocr.o)
                0x000000000800a1c8                _malloc_r
 .text.__sfputc_r
                0x000000000800a2b0       0x2a /opt/gcc-arm-none-eabi-10.3-2021.10/bin/../lib/gcc/arm-none-eabi/10.3.1/../../../../arm-none-eabi/lib/thumb/v7-m/nofp/libc_nano.a(lib_a-nano-vfprintf.o)
 .text.__sfputs_r
                0x000000000800a2da       0x24 /opt/gcc-arm-none-eabi-10.3-2021.10/bin/../lib/gcc/arm-none-eabi/10.3.1/../../../../arm-none-eabi/lib/thumb/v7-m/nofp/libc_nano.a(lib_a-nano-vfprintf.o)
                0x000000000800a2da                __sfputs_r
 *fill*         0x000000000800a2fe        0x2 
 .text._vfprintf_r
                0x000000000800a300      0x260 /opt/gcc-arm-none-eabi-10.3-2021.10/bin/../lib/gcc/arm-none-eabi/10.3.1/../../../../arm-none-eabi/lib/thumb/v7-m/nofp/libc_nano.a(lib_a-nano-vfprintf.o)
                0x000000000800a300                _vfiprintf_r
                0x000000000800a300                _vfprintf_r
 .text._printf_common
                0x000000000800a560       0xde /opt/gcc-arm-none-eabi-10.3-2021.10/bin/../lib/gcc/arm-none-eabi/10.3.1/../../../../arm-none-eabi/lib/thumb/v7-m/nofp/libc_nano.a(lib_a-nano-vfprintf_i.o)
                0x000000000800a560                _printf_common
 *fill*         0x000000000800a63e        0x2 
 .text._printf_i
                0x000000000800a640      0x24c /opt/gcc-arm-none-eabi-10.3-2021.10/bin/../lib/gcc/arm-none-eabi/10.3.1/../../../../arm-none-eabi/lib/thumb/v7-m/nofp/libc_nano.a(lib_a-nano-vfprintf_i.o)
                0x000000000800a640                _printf_i
 .text._sbrk_r  0x000000000800a88c       0x20 /opt/gcc-arm-none-eabi-10.3-2021.10/bin/../lib/gcc/arm-none-eabi/10.3.1/../../../../arm-none-eabi/lib/thumb/v7-m/nofp/libc_nano.a(lib_a-sbrkr.o)
                0x000000000800a88c                _sbrk_r
 .text.__sread  0x000000000800a8ac       0x22 /opt/gcc-arm-none-eabi-10.3-2021.10/bin/../lib/gcc/arm-none-eabi/10.3.1/../../../../arm-none-eabi/lib/thumb/v7-m/nofp/libc_nano.a(lib_a-stdio.o)
                0x000000000800a8ac                __sread
 .text.__swrite
                0x000000000800a8ce       0x38 /opt/gcc-arm-none-eabi-10.3-2021.10/bin/../lib/gcc/arm-none-eabi/10.3.1/../../../../arm-none-eabi/lib/thumb/v7-m/nofp/libc_nano.a(lib_a-stdio.o)
                0x000000000800a8ce                __swrite
 .text.__sseek  0x000000000800a906       0x24 /opt/gcc-arm-none-eabi-10.3-2021.10/bin/../lib/gcc/arm-none-eabi/10.3.1/../../../../arm-none-eabi/lib/thumb/v7-m/nofp/libc_nano.a(lib_a-stdio.o)
                0x000000000800a906                __sseek
 .text.__sclose
                0x000000000800a92a        0x8 /opt/gcc-arm-none-eabi-10.3-2021.10/bin/../lib/gcc/arm-none-eabi/10.3.1/../../../../arm-none-eabi/lib/thumb/v7-m/nofp/libc_nano.a(lib_a-stdio.o)
                0x000000000800a92a                __sclose
 *fill*         0x000000000800a932        0x2 
 .text.__swbuf_r
                0x000000000800a934       0xa4 /opt/gcc-arm-none-eabi-10.3-2021.10/bin/../lib/gcc/arm-none-eabi/10.3.1/../../../../arm-none-eabi/lib/thumb/v7-m/nofp/libc_nano.a(lib_a-wbuf.o)
                0x000000000800a934                __swbuf_r
 .text._write_r
                0x000000000800a9d8       0x24 /opt/gcc-arm-none-eabi-10.3-2021.10/bin/../lib/gcc/arm-none-eabi/10.3.1/../../../../arm-none-eabi/lib/thumb/v7-m/nofp/libc_nano.a(lib_a-writer.o)
                0x000000000800a9d8                _write_r
 .text.__swsetup_r
                0x000000000800a9fc       0xdc /opt/gcc-arm-none-eabi-10.3-2021.10/bin/../lib/gcc/arm-none-eabi/10.3.1/../../../../arm-none-eabi/lib/thumb/v7-m/nofp/libc_nano.a(lib_a-wsetup.o)
                0x000000000800a9fc                __swsetup_r
 .text._close_r
                0x000000000800aad8       0x20 /opt/gcc-arm-none-eabi-10.3-2021.10/bin/../lib/gcc/arm-none-eabi/10.3.1/../../../../arm-none-eabi/lib/thumb/v7-m/nofp/libc_nano.a(lib_a-closer.o)
                0x000000000800aad8                _close_r
 .text.__sflush_r
                0x000000000800aaf8      0x104 /opt/gcc-arm-none-eabi-10.3-2021.10/bin/../lib/gcc/arm-none-eabi/10.3.1/../../../../arm-none-eabi/lib/thumb/v7-m/nofp/libc_nano.a(lib_a-fflush.o)
                0x000000000800aaf8                __sflush_r
 .text._fflush_r
                0x000000000800abfc       0x78 /opt/gcc-arm-none-eabi-10.3-2021.10/bin/../lib/gcc/arm-none-eabi/10.3.1/../../../../arm-none-eabi/lib/thumb/v7-m/nofp/libc_nano.a(lib_a-fflush.o)
                0x000000000800abfc                _fflush_r
 .text._lseek_r
                0x000000000800ac74       0x24 /opt/gcc-arm-none-eabi-10.3-2021.10/bin/../lib/gcc/arm-none-eabi/10.3.1/../../../../arm-none-eabi/lib/thumb/v7-m/nofp/libc_nano.a(lib_a-lseekr.o)
                0x000000000800ac74                _lseek_r
 .text.__swhatbuf_r
                0x000000000800ac98       0x4a /opt/gcc-arm-none-eabi-10.3-2021.10/bin/../lib/gcc/arm-none-eabi/10.3.1/../../../../arm-none-eabi/lib/thumb/v7-m/nofp/libc_nano.a(lib_a-makebuf.o)
                0x000000000800ac98                __swhatbuf_r
 *fill*         0x000000000800ace2        0x2 
 .text.__smakebuf_r
                0x000000000800ace4       0x80 /opt/gcc-arm-none-eabi-10.3-2021.10/bin/../lib/gcc/arm-none-eabi/10.3.1/../../../../arm-none-eabi/lib/thumb/v7-m/nofp/libc_nano.a(lib_a-makebuf.o)
                0x000000000800ace4                __smakebuf_r
 .text.memchr   0x000000000800ad64       0x1c /opt/gcc-arm-none-eabi-10.3-2021.10/bin/../lib/gcc/arm-none-eabi/10.3.1/../../../../arm-none-eabi/lib/thumb/v7-m/nofp/libc_nano.a(lib_a-memchr-stub.o)
                0x000000000800ad64                memchr
 .text.__malloc_lock
                0x000000000800ad80        0xc /opt/gcc-arm-none-eabi-10.3-2021.10/bin/../lib/gcc/arm-none-eabi/10.3.1/../../../../arm-none-eabi/lib/thumb/v7-m/nofp/libc_nano.a(lib_a-mlock.o)
                0x000000000800ad80                __malloc_lock
 .text.__malloc_unlock
                0x000000000800ad8c        0xc /opt/gcc-arm-none-eabi-10.3-2021.10/bin/../lib/gcc/arm-none-eabi/10.3.1/../../../../arm-none-eabi/lib/thumb/v7-m/nofp/libc_nano.a(lib_a-mlock.o)
                0x000000000800ad8c                __malloc_unlock
 .text._free_r  0x000000000800ad98       0x90 /opt/gcc-arm-none-eabi-10.3-2021.10/bin/../lib/gcc/arm-none-eabi/10.3.1/../../../../arm-none-eabi/lib/thumb/v7-m/nofp/libc_nano.a(lib_a-nano-freer.o)
                0x000000000800ad98                _free_r
 .text._read_r  0x000000000800ae28       0x24 /opt/gcc-arm-none-eabi-10.3-2021.10/bin/../lib/gcc/arm-none-eabi/10.3.1/../../../../arm-none-eabi/lib/thumb/v7-m/nofp/libc_nano.a(lib_a-readr.o)
                0x000000000800ae28                _read_r
 .text._fstat_r
                0x000000000800ae4c       0x24 /opt/gcc-arm-none-eabi-10.3-2021.10/bin/../lib/gcc/arm-none-eabi/10.3.1/../../../../arm-none-eabi/lib/thumb/v7-m/nofp/libc_nano.a(lib_a-fstatr.o)
                0x000000000800ae4c                _fstat_r
 .text._isatty_r
                0x000000000800ae70       0x20 /opt/gcc-arm-none-eabi-10.3-2021.10/bin/../lib/gcc/arm-none-eabi/10.3.1/../../../../arm-none-eabi/lib/thumb/v7-m/nofp/libc_nano.a(lib_a-isattyr.o)
                0x000000000800ae70                _isatty_r
 .text._close   0x000000000800ae90       0x10 /opt/gcc-arm-none-eabi-10.3-2021.10/bin/../lib/gcc/arm-none-eabi/10.3.1/../../../../arm-none-eabi/lib/thumb/v7-m/nofp/libnosys.a(close.o)
                0x000000000800ae90                _close
 .text._fstat   0x000000000800aea0       0x10 /opt/gcc-arm-none-eabi-10.3-2021.10/bin/../lib/gcc/arm-none-eabi/10.3.1/../../../../arm-none-eabi/lib/thumb/v7-m/nofp/libnosys.a(fstat.o)
                0x000000000800aea0                _fstat
 .text._isatty  0x000000000800aeb0       0x10 /opt/gcc-arm-none-eabi-10.3-2021.10/bin/../lib/gcc/arm-none-eabi/10.3.1/../../../../arm-none-eabi/lib/thumb/v7-m/nofp/libnosys.a(isatty.o)
                0x000000000800aeb0                _isatty
 .text._lseek   0x000000000800aec0       0x10 /opt/gcc-arm-none-eabi-10.3-2021.10/bin/../lib/gcc/arm-none-eabi/10.3.1/../../../../arm-none-eabi/lib/thumb/v7-m/nofp/libnosys.a(lseek.o)
                0x000000000800aec0                _lseek
 .text._read    0x000000000800aed0       0x10 /opt/gcc-arm-none-eabi-10.3-2021.10/bin/../lib/gcc/arm-none-eabi/10.3.1/../../../../arm-none-eabi/lib/thumb/v7-m/nofp/libnosys.a(read.o)
                0x000000000800aed0                _read
 .text._sbrk    0x000000000800aee0       0x1c /opt/gcc-arm-none-eabi-10.3-2021.10/bin/../lib/gcc/arm-none-eabi/10.3.1/../../../../arm-none-eabi/lib/thumb/v7-m/nofp/libnosys.a(sbrk.o)
                0x000000000800aee0                _sbrk
 .text._write   0x000000000800aefc       0x10 /opt/gcc-arm-none-eabi-10.3-2021.10/bin/../lib/gcc/arm-none-eabi/10.3.1/../../../../arm-none-eabi/lib/thumb/v7-m/nofp/libnosys.a(write.o)
                0x000000000800aefc                _write
 *(.glue_7)
 .glue_7        0x000000000800af0c        0x0 linker stubs
 *(.glue_7t)
 .glue_7t       0x000000000800af0c        0x0 linker stubs
 *(.eh_frame)
 .eh_frame      0x000000000800af0c        0x0 /opt/gcc-arm-none-eabi-10.3-2021.10/bin/../lib/gcc/arm-none-eabi/10.3.1/thumb/v7-m/nofp/crtbegin.o
 *(.init)
 .init          0x000000000800af0c        0x4 /opt/gcc-arm-none-eabi-10.3-2021.10/bin/../lib/gcc/arm-none-eabi/10.3.1/thumb/v7-m/nofp/crti.o
                0x000000000800af0c                _init
 .init          0x000000000800af10        0x8 /opt/gcc-arm-none-eabi-10.3-2021.10/bin/../lib/gcc/arm-none-eabi/10.3.1/thumb/v7-m/nofp/crtn.o
 *(.fini)
 .fini          0x000000000800af18        0x4 /opt/gcc-arm-none-eabi-10.3-2021.10/bin/../lib/gcc/arm-none-eabi/10.3.1/thumb/v7-m/nofp/crti.o
                0x000000000800af18                _fini
 .fini          0x000000000800af1c        0x8 /opt/gcc-arm-none-eabi-10.3-2021.10/bin/../lib/gcc/arm-none-eabi/10.3.1/thumb/v7-m/nofp/crtn.o
                0x000000000800af24                . = ALIGN (0x4)
                0x000000000800af24                _etext = .

.vfp11_veneer   0x000000000800af24        0x0
 .vfp11_veneer  0x000000000800af24        0x0 linker stubs

.v4_bx          0x000000000800af24        0x0
 .v4_bx         0x000000000800af24        0x0 linker stubs

.iplt           0x000000000800af24        0x0
 .iplt          0x000000000800af24        0x0 /opt/gcc-arm-none-eabi-10.3-2021.10/bin/../lib/gcc/arm-none-eabi/10.3.1/thumb/v7-m/nofp/crtbegin.o

.rodata         0x000000000800af24     0x182c
                0x000000000800af24                . = ALIGN (0x4)
 *(.rodata)
 .rodata        0x000000000800af24       0x38 build/main.o
 .rodata        0x000000000800af5c       0x1c build/lwip.o
 .rodata        0x000000000800af78       0x1c build/ethernetif.o
 *(.rodata*)
 .rodata.str1.4
                0x000000000800af94       0x15 build/main.o
 *fill*         0x000000000800afa9        0x3 
 .rodata.AHBPrescTable
                0x000000000800afac       0x10 build/system_stm32f2xx.o
                0x000000000800afac                AHBPrescTable
 .rodata.vTaskStartScheduler.str1.4
                0x000000000800afbc        0x5 build/tasks.o
 *fill*         0x000000000800afc1        0x3 
 .rodata.str1.4
                0x000000000800afc4        0x8 build/lwip.o
 .rodata.str1.4
                0x000000000800afcc        0x6 build/ethernetif.o
 *fill*         0x000000000800afd2        0x2 
 .rodata.ethernetif_init.str1.4
                0x000000000800afd4       0x54 build/ethernetif.o
 .rodata.ethernet_output.str1.4
                0x000000000800b028       0x65 build/ethernet.o
                                         0x90 (size before relaxing)
 *fill*         0x000000000800b08d        0x3 
 .rodata.ethbroadcast
                0x000000000800b090        0x6 build/ethernet.o
                0x000000000800b090                ethbroadcast
 *fill*         0x000000000800b096        0x2 
 .rodata.ethzero
                0x000000000800b098        0x6 build/ethernet.o
                0x000000000800b098                ethzero
 *fill*         0x000000000800b09e        0x2 
 .rodata.tcpip_thread.str1.4
                0x000000000800b0a0       0x4e build/tcpip.o
                                         0x78 (size before relaxing)
 *fill*         0x000000000800b0ee        0x2 
 .rodata.tcpip_inpkt.str1.4
                0x000000000800b0f0        0xd build/tcpip.o
 *fill*         0x000000000800b0fd        0x3 
 .rodata.tcpip_init.str1.4
                0x000000000800b100       0x55 build/tcpip.o
 *fill*         0x000000000800b155        0x3 
 .rodata.udp_input.str1.4
                0x000000000800b158       0x40 build/udp.o
                                         0x68 (size before relaxing)
 .rodata.tcp_receive.str1.4
                0x000000000800b198      0x191 build/tcp_in.o
                                        0x1b9 (size before relaxing)
 *fill*         0x000000000800b329        0x3 
 .rodata.tcp_process.str1.4
                0x000000000800b32c       0x6a build/tcp_in.o
 *fill*         0x000000000800b396        0x2 
 .rodata.tcp_input.str1.4
                0x000000000800b398      0x15a build/tcp_in.o
 *fill*         0x000000000800b4f2        0x2 
 .rodata.tcp_write_checks.str1.4
                0x000000000800b4f4       0x9e build/tcp_out.o
                                         0xc6 (size before relaxing)
 *fill*         0x000000000800b592        0x2 
 .rodata.tcp_create_segment.str1.4
                0x000000000800b594       0x15 build/tcp_out.o
 *fill*         0x000000000800b5a9        0x3 
 .rodata.tcp_output_alloc_header.str1.4
                0x000000000800b5ac       0x2e build/tcp_out.o
 *fill*         0x000000000800b5da        0x2 
 .rodata.tcp_enqueue_flags.str1.4
                0x000000000800b5dc      0x100 build/tcp_out.o
 .rodata.tcp_output.str1.4
                0x000000000800b6dc       0x3f build/tcp_out.o
 *fill*         0x000000000800b71b        0x1 
 .rodata.tcp_listen_closed.str1.4
                0x000000000800b71c       0x4d build/tcp.o
                                         0x75 (size before relaxing)
 *fill*         0x000000000800b769        0x3 
 .rodata.tcp_update_rcv_ann_wnd.str1.4
                0x000000000800b76c       0x1a build/tcp.o
 *fill*         0x000000000800b786        0x2 
 .rodata.tcp_recved.str1.4
                0x000000000800b788       0x49 build/tcp.o
 *fill*         0x000000000800b7d1        0x3 
 .rodata.tcp_slowtmr.str1.4
                0x000000000800b7d4      0x15e build/tcp.o
 *fill*         0x000000000800b932        0x2 
 .rodata.tcp_pcb_remove.str1.4
                0x000000000800b934       0x4b build/tcp.o
 *fill*         0x000000000800b97f        0x1 
 .rodata.tcp_close_shutdown.str1.4
                0x000000000800b980       0x19 build/tcp.o
 *fill*         0x000000000800b999        0x3 
 .rodata.tcp_abandon.str1.4
                0x000000000800b99c       0x31 build/tcp.o
 *fill*         0x000000000800b9cd        0x3 
 .rodata.tcp_kill_state.str1.4
                0x000000000800b9d0        0xe build/tcp.o
 *fill*         0x000000000800b9de        0x2 
 .rodata.tcp_backoff
                0x000000000800b9e0        0xd build/tcp.o
 *fill*         0x000000000800b9ed        0x3 
 .rodata.tcp_pcb_lists
                0x000000000800b9f0       0x10 build/tcp.o
                0x000000000800b9f0                tcp_pcb_lists
 .rodata.tcp_persist_backoff
                0x000000000800ba00        0x7 build/tcp.o
 *fill*         0x000000000800ba07        0x1 
 .rodata.sys_timeout.str1.4
                0x000000000800ba08       0x71 build/timeouts.o
                                         0x9c (size before relaxing)
 *fill*         0x000000000800ba79        0x3 
 .rodata.lwip_cyclic_timers
                0x000000000800ba7c       0x18 build/timeouts.o
                0x000000000800ba7c                lwip_cyclic_timers
 .rodata.netif_add.str1.4
                0x000000000800ba94       0x47 build/netif.o
                                         0x70 (size before relaxing)
 *fill*         0x000000000800badb        0x1 
 .rodata.plug_holes.str1.4
                0x000000000800badc       0xa6 build/mem.o
                                         0xce (size before relaxing)
 *fill*         0x000000000800bb82        0x2 
 .rodata.mem_init.str1.4
                0x000000000800bb84       0x1b build/mem.o
 *fill*         0x000000000800bb9f        0x1 
 .rodata.mem_free.str1.4
                0x000000000800bba0       0x50 build/mem.o
 .rodata.mem_trim.str1.4
                0x000000000800bbf0       0x38 build/mem.o
 .rodata.mem_malloc.str1.4
                0x000000000800bc28       0x9f build/mem.o
 *fill*         0x000000000800bcc7        0x1 
 .rodata.pbuf_header_impl.str1.4
                0x000000000800bcc8       0x6a build/pbuf.o
                                         0x92 (size before relaxing)
 *fill*         0x000000000800bd32        0x2 
 .rodata.pbuf_alloced_custom.str1.4
                0x000000000800bd34       0x24 build/pbuf.o
 .rodata.pbuf_free.str1.4
                0x000000000800bd58       0x51 build/pbuf.o
 *fill*         0x000000000800bda9        0x3 
 .rodata.pbuf_alloc.str1.4
                0x000000000800bdac       0xe3 build/pbuf.o
 *fill*         0x000000000800be8f        0x1 
 .rodata.pbuf_realloc.str1.4
                0x000000000800be90       0x7c build/pbuf.o
 .rodata.pbuf_ref.str1.4
                0x000000000800bf0c       0x12 build/pbuf.o
 *fill*         0x000000000800bf1e        0x2 
 .rodata.pbuf_cat.str1.4
                0x000000000800bf20       0x78 build/pbuf.o
 .rodata.pbuf_copy.str1.4
                0x000000000800bf98       0x9e build/pbuf.o
 *fill*         0x000000000800c036        0x2 
 .rodata.pbuf_copy_partial.str1.4
                0x000000000800c038       0x43 build/pbuf.o
 *fill*         0x000000000800c07b        0x1 
 .rodata.do_memp_malloc_pool.str1.4
                0x000000000800c07c       0x53 build/memp.o
                                         0x7c (size before relaxing)
 *fill*         0x000000000800c0cf        0x1 
 .rodata.do_memp_free_pool.str1.4
                0x000000000800c0d0       0x20 build/memp.o
 .rodata.memp_malloc.str1.4
                0x000000000800c0f0       0x1d build/memp.o
 *fill*         0x000000000800c10d        0x3 
 .rodata.memp_free.str1.4
                0x000000000800c110       0x1b build/memp.o
 *fill*         0x000000000800c12b        0x1 
 .rodata.memp_FRAG_PBUF
                0x000000000800c12c        0xc build/memp.o
                0x000000000800c12c                memp_FRAG_PBUF
 .rodata.memp_NETBUF
                0x000000000800c138        0xc build/memp.o
                0x000000000800c138                memp_NETBUF
 .rodata.memp_NETCONN
                0x000000000800c144        0xc build/memp.o
                0x000000000800c144                memp_NETCONN
 .rodata.memp_PBUF
                0x000000000800c150        0xc build/memp.o
                0x000000000800c150                memp_PBUF
 .rodata.memp_PBUF_POOL
                0x000000000800c15c        0xc build/memp.o
                0x000000000800c15c                memp_PBUF_POOL
 .rodata.memp_REASSDATA
                0x000000000800c168        0xc build/memp.o
                0x000000000800c168                memp_REASSDATA
 .rodata.memp_SYS_TIMEOUT
                0x000000000800c174        0xc build/memp.o
                0x000000000800c174                memp_SYS_TIMEOUT
 .rodata.memp_TCPIP_MSG_API
                0x000000000800c180        0xc build/memp.o
                0x000000000800c180                memp_TCPIP_MSG_API
 .rodata.memp_TCPIP_MSG_INPKT
                0x000000000800c18c        0xc build/memp.o
                0x000000000800c18c                memp_TCPIP_MSG_INPKT
 .rodata.memp_TCP_PCB
                0x000000000800c198        0xc build/memp.o
                0x000000000800c198                memp_TCP_PCB
 .rodata.memp_TCP_PCB_LISTEN
                0x000000000800c1a4        0xc build/memp.o
                0x000000000800c1a4                memp_TCP_PCB_LISTEN
 .rodata.memp_TCP_SEG
                0x000000000800c1b0        0xc build/memp.o
                0x000000000800c1b0                memp_TCP_SEG
 .rodata.memp_UDP_PCB
                0x000000000800c1bc        0xc build/memp.o
                0x000000000800c1bc                memp_UDP_PCB
 .rodata.memp_pools
                0x000000000800c1c8       0x34 build/memp.o
                0x000000000800c1c8                memp_pools
 .rodata.icmp_send_response.str1.4
                0x000000000800c1fc       0x60 build/icmp.o
                                         0x88 (size before relaxing)
 .rodata.icmp_input.str1.4
                0x000000000800c25c       0x6a build/icmp.o
 *fill*         0x000000000800c2c6        0x2 
 .rodata.ip4_output_if_src.str1.4
                0x000000000800c2c8       0x6d build/ip4.o
                                         0x95 (size before relaxing)
 *fill*         0x000000000800c335        0x3 
 .rodata.ip_addr_any
                0x000000000800c338        0x4 build/ip4_addr.o
                0x000000000800c338                ip_addr_any
 .rodata.etharp_find_entry.str1.4
                0x000000000800c33c       0x89 build/etharp.o
                                         0xb1 (size before relaxing)
 *fill*         0x000000000800c3c5        0x3 
 .rodata.etharp_update_arp_entry.str1.4
                0x000000000800c3c8       0x24 build/etharp.o
 .rodata.etharp_raw.str1.4
                0x000000000800c3ec       0x75 build/etharp.o
                                         0x85 (size before relaxing)
 *fill*         0x000000000800c461        0x3 
 .rodata.etharp_get_entry.str1.4
                0x000000000800c464       0x20 build/etharp.o
 .rodata.etharp_output_to_arp_index.str1.4
                0x000000000800c484       0x30 build/etharp.o
 .rodata.etharp_query.str1.4
                0x000000000800c4b4       0x4e build/etharp.o
 *fill*         0x000000000800c502        0x2 
 .rodata.ip_reass_dequeue_datagram.str1.4
                0x000000000800c504       0x51 build/ip4_frag.o
                                         0x7c (size before relaxing)
 *fill*         0x000000000800c555        0x3 
 .rodata.ip_reass_free_complete_datagram.str1.4
                0x000000000800c558       0x5b build/ip4_frag.o
 .rodata.ip_frag_free_pbuf_custom_ref.str1.4
                0x000000000800c5b3        0xa build/ip4_frag.o
 *fill*         0x000000000800c5b3        0x1 
 .rodata.ipfrag_free_pbuf_custom.str1.4
                0x000000000800c5b4        0xc build/ip4_frag.o
 .rodata.ip_reass_chain_frag_into_datagram_and_validate.str1.4
                0x000000000800c5c0       0x8a build/ip4_frag.o
 *fill*         0x000000000800c64a        0x2 
 .rodata.ip4_frag.str1.4
                0x000000000800c64c       0x64 build/ip4_frag.o
 .rodata.os_mutex_def_lwip_sys_mutex
                0x000000000800c6b0        0x8 build/sys_arch.o
                0x000000000800c6b0                os_mutex_def_lwip_sys_mutex
 .rodata._global_impure_ptr
                0x000000000800c6b8        0x4 /opt/gcc-arm-none-eabi-10.3-2021.10/bin/../lib/gcc/arm-none-eabi/10.3.1/../../../../arm-none-eabi/lib/thumb/v7-m/nofp/libc_nano.a(lib_a-impure.o)
                0x000000000800c6b8                _global_impure_ptr
 .rodata.__sf_fake_stderr
                0x000000000800c6bc       0x20 /opt/gcc-arm-none-eabi-10.3-2021.10/bin/../lib/gcc/arm-none-eabi/10.3.1/../../../../arm-none-eabi/lib/thumb/v7-m/nofp/libc_nano.a(lib_a-findfp.o)
                0x000000000800c6bc                __sf_fake_stderr
 .rodata.__sf_fake_stdin
                0x000000000800c6dc       0x20 /opt/gcc-arm-none-eabi-10.3-2021.10/bin/../lib/gcc/arm-none-eabi/10.3.1/../../../../arm-none-eabi/lib/thumb/v7-m/nofp/libc_nano.a(lib_a-findfp.o)
                0x000000000800c6dc                __sf_fake_stdin
 .rodata.__sf_fake_stdout
                0x000000000800c6fc       0x20 /opt/gcc-arm-none-eabi-10.3-2021.10/bin/../lib/gcc/arm-none-eabi/10.3.1/../../../../arm-none-eabi/lib/thumb/v7-m/nofp/libc_nano.a(lib_a-findfp.o)
                0x000000000800c6fc                __sf_fake_stdout
 .rodata._vfprintf_r.str1.1
                0x000000000800c71c       0x11 /opt/gcc-arm-none-eabi-10.3-2021.10/bin/../lib/gcc/arm-none-eabi/10.3.1/../../../../arm-none-eabi/lib/thumb/v7-m/nofp/libc_nano.a(lib_a-nano-vfprintf.o)
 .rodata._printf_i.str1.1
                0x000000000800c72d       0x22 /opt/gcc-arm-none-eabi-10.3-2021.10/bin/../lib/gcc/arm-none-eabi/10.3.1/../../../../arm-none-eabi/lib/thumb/v7-m/nofp/libc_nano.a(lib_a-nano-vfprintf_i.o)
                0x000000000800c750                . = ALIGN (0x4)
 *fill*         0x000000000800c74f        0x1 

.ARM.extab
 *(.ARM.extab* .gnu.linkonce.armextab.*)

.ARM            0x000000000800c750        0x8
                0x000000000800c750                __exidx_start = .
 *(.ARM.exidx*)
 .ARM.exidx     0x000000000800c750        0x8 /opt/gcc-arm-none-eabi-10.3-2021.10/bin/../lib/gcc/arm-none-eabi/10.3.1/thumb/v7-m/nofp/libgcc.a(_udivmoddi4.o)
                0x000000000800c758                __exidx_end = .

.rel.dyn        0x000000000800c758        0x0
 .rel.iplt      0x000000000800c758        0x0 /opt/gcc-arm-none-eabi-10.3-2021.10/bin/../lib/gcc/arm-none-eabi/10.3.1/thumb/v7-m/nofp/crtbegin.o

.preinit_array  0x000000000800c758        0x0
                0x000000000800c758                PROVIDE (__preinit_array_start = .)
 *(.preinit_array*)
                0x000000000800c758                PROVIDE (__preinit_array_end = .)

.init_array     0x000000000800c758        0x4
                0x000000000800c758                PROVIDE (__init_array_start = .)
 *(SORT_BY_NAME(.init_array.*))
 *(.init_array*)
 .init_array    0x000000000800c758        0x4 /opt/gcc-arm-none-eabi-10.3-2021.10/bin/../lib/gcc/arm-none-eabi/10.3.1/thumb/v7-m/nofp/crtbegin.o
                0x000000000800c75c                PROVIDE (__init_array_end = .)

.fini_array     0x000000000800c75c        0x4
                [!provide]                        PROVIDE (__fini_array_start = .)
 *(SORT_BY_NAME(.fini_array.*))
 *(.fini_array*)
 .fini_array    0x000000000800c75c        0x4 /opt/gcc-arm-none-eabi-10.3-2021.10/bin/../lib/gcc/arm-none-eabi/10.3.1/thumb/v7-m/nofp/crtbegin.o
                [!provide]                        PROVIDE (__fini_array_end = .)
                0x000000000800c760                _sidata = LOADADDR (.data)

.data           0x0000000020000000       0x78 load address 0x000000000800c760
                0x0000000020000000                . = ALIGN (0x4)
                0x0000000020000000                _sdata = .
 *(.data)
 *(.data*)
 .data.uwTickFreq
                0x0000000020000000        0x1 build/stm32f2xx_hal.o
                0x0000000020000000                uwTickFreq
 *fill*         0x0000000020000001        0x3 
 .data.uwTickPrio
                0x0000000020000004        0x4 build/stm32f2xx_hal.o
                0x0000000020000004                uwTickPrio
 .data.SystemCoreClock
                0x0000000020000008        0x4 build/system_stm32f2xx.o
                0x0000000020000008                SystemCoreClock
 .data.uxCriticalNesting
                0x000000002000000c        0x4 build/port.o
 .data.iss.0    0x0000000020000010        0x4 build/tcp.o
 .data._impure_ptr
                0x0000000020000014        0x4 /opt/gcc-arm-none-eabi-10.3-2021.10/bin/../lib/gcc/arm-none-eabi/10.3.1/../../../../arm-none-eabi/lib/thumb/v7-m/nofp/libc_nano.a(lib_a-impure.o)
                0x0000000020000014                _impure_ptr
 .data.impure_data
                0x0000000020000018       0x60 /opt/gcc-arm-none-eabi-10.3-2021.10/bin/../lib/gcc/arm-none-eabi/10.3.1/../../../../arm-none-eabi/lib/thumb/v7-m/nofp/libc_nano.a(lib_a-impure.o)
                0x0000000020000078                . = ALIGN (0x4)
                0x0000000020000078                _edata = .

.igot.plt       0x0000000020000078        0x0 load address 0x000000000800c7d8
 .igot.plt      0x0000000020000078        0x0 /opt/gcc-arm-none-eabi-10.3-2021.10/bin/../lib/gcc/arm-none-eabi/10.3.1/thumb/v7-m/nofp/crtbegin.o
                0x0000000020000078                . = ALIGN (0x4)

.bss            0x0000000020000078     0xa9f0 load address 0x000000000800c7d8
                0x0000000020000078                _sbss = .
                0x0000000020000078                __bss_start__ = _sbss
 *(.bss)
 .bss           0x0000000020000078       0x1c /opt/gcc-arm-none-eabi-10.3-2021.10/bin/../lib/gcc/arm-none-eabi/10.3.1/thumb/v7-m/nofp/crtbegin.o
 *(.bss*)
 .bss.defaultTaskHandle
                0x0000000020000094        0x4 build/main.o
                0x0000000020000094                defaultTaskHandle
 .bss.lwipTaskHandle
                0x0000000020000098        0x4 build/main.o
                0x0000000020000098                lwipTaskHandle
 .bss.xIdleStack
                0x000000002000009c      0x200 build/freertos.o
 .bss.xIdleTaskTCBBuffer
                0x000000002000029c       0x54 build/freertos.o
 .bss.uwTick    0x00000000200002f0        0x4 build/stm32f2xx_hal.o
                0x00000000200002f0                uwTick
 .bss.pxCurrentTCB
                0x00000000200002f4        0x4 build/tasks.o
                0x00000000200002f4                pxCurrentTCB
 .bss.pxDelayedTaskList
                0x00000000200002f8        0x4 build/tasks.o
 .bss.pxOverflowDelayedTaskList
                0x00000000200002fc        0x4 build/tasks.o
 .bss.pxReadyTasksLists
                0x0000000020000300       0x8c build/tasks.o
 .bss.uxCurrentNumberOfTasks
                0x000000002000038c        0x4 build/tasks.o
 .bss.uxDeletedTasksWaitingCleanUp
                0x0000000020000390        0x4 build/tasks.o
 .bss.uxPendedTicks
                0x0000000020000394        0x4 build/tasks.o
 .bss.uxSchedulerSuspended
                0x0000000020000398        0x4 build/tasks.o
 .bss.uxTaskNumber
                0x000000002000039c        0x4 build/tasks.o
 .bss.uxTopReadyPriority
                0x00000000200003a0        0x4 build/tasks.o
 .bss.xDelayedTaskList1
                0x00000000200003a4       0x14 build/tasks.o
 .bss.xDelayedTaskList2
                0x00000000200003b8       0x14 build/tasks.o
 .bss.xIdleTaskHandle
                0x00000000200003cc        0x4 build/tasks.o
 .bss.xNextTaskUnblockTime
                0x00000000200003d0        0x4 build/tasks.o
 .bss.xNumOfOverflows
                0x00000000200003d4        0x4 build/tasks.o
 .bss.xPendingReadyList
                0x00000000200003d8       0x14 build/tasks.o
 .bss.xSchedulerRunning
                0x00000000200003ec        0x4 build/tasks.o
 .bss.xSuspendedTaskList
                0x00000000200003f0       0x14 build/tasks.o
 .bss.xTasksWaitingTermination
                0x0000000020000404       0x14 build/tasks.o
 .bss.xTickCount
                0x0000000020000418        0x4 build/tasks.o
 .bss.xYieldPending
                0x000000002000041c        0x4 build/tasks.o
 .bss.pxEnd     0x0000000020000420        0x4 build/heap_4.o
 .bss.ucHeap    0x0000000020000424     0x3c00 build/heap_4.o
 .bss.xBlockAllocatedBit
                0x0000000020004024        0x4 build/heap_4.o
 .bss.xFreeBytesRemaining
                0x0000000020004028        0x4 build/heap_4.o
 .bss.xMinimumEverFreeBytesRemaining
                0x000000002000402c        0x4 build/heap_4.o
 .bss.xStart    0x0000000020004030        0x8 build/heap_4.o
 .bss.ucMaxSysCallPriority
                0x0000000020004038        0x1 build/port.o
 *fill*         0x0000000020004039        0x3 
 .bss.ulMaxPRIGROUPValue
                0x000000002000403c        0x4 build/port.o
 .bss.GATEWAY_ADDRESS
                0x0000000020004040        0x4 build/lwip.o
                0x0000000020004040                GATEWAY_ADDRESS
 .bss.IP_ADDRESS
                0x0000000020004044        0x4 build/lwip.o
                0x0000000020004044                IP_ADDRESS
 .bss.NETMASK_ADDRESS
                0x0000000020004048        0x4 build/lwip.o
                0x0000000020004048                NETMASK_ADDRESS
 .bss.Netif_LinkSemaphore
                0x000000002000404c        0x4 build/lwip.o
                0x000000002000404c                Netif_LinkSemaphore
 .bss.gnetif    0x0000000020004050       0x34 build/lwip.o
                0x0000000020004050                gnetif
 .bss.gw        0x0000000020004084        0x4 build/lwip.o
                0x0000000020004084                gw
 .bss.initPHYStatus
                0x0000000020004088        0x4 build/lwip.o
                0x0000000020004088                initPHYStatus
 .bss.ipaddr    0x000000002000408c        0x4 build/lwip.o
                0x000000002000408c                ipaddr
 .bss.link_arg  0x0000000020004090        0x8 build/lwip.o
                0x0000000020004090                link_arg
 .bss.netmask   0x0000000020004098        0x4 build/lwip.o
                0x0000000020004098                netmask
 .bss.DMARxDscrTab
                0x000000002000409c       0x80 build/ethernetif.o
                0x000000002000409c                DMARxDscrTab
 .bss.DMATxDscrTab
                0x000000002000411c       0x80 build/ethernetif.o
                0x000000002000411c                DMATxDscrTab
 .bss.Rx_Buff   0x000000002000419c     0x17d0 build/ethernetif.o
                0x000000002000419c                Rx_Buff
 .bss.Tx_Buff   0x000000002000596c     0x17d0 build/ethernetif.o
                0x000000002000596c                Tx_Buff
 .bss.heth      0x000000002000713c       0x48 build/ethernetif.o
                0x000000002000713c                heth
 .bss.s_xSemaphore
                0x0000000020007184        0x4 build/ethernetif.o
                0x0000000020007184                s_xSemaphore
 .bss.lock_tcpip_core
                0x0000000020007188        0x4 build/tcpip.o
                0x0000000020007188                lock_tcpip_core
 .bss.mbox      0x000000002000718c        0x4 build/tcpip.o
 .bss.tcpip_init_done
                0x0000000020007190        0x4 build/tcpip.o
 .bss.tcpip_init_done_arg
                0x0000000020007194        0x4 build/tcpip.o
 .bss.udp_pcbs  0x0000000020007198        0x4 build/udp.o
                0x0000000020007198                udp_pcbs
 .bss.ackno     0x000000002000719c        0x4 build/tcp_in.o
 .bss.flags     0x00000000200071a0        0x1 build/tcp_in.o
 *fill*         0x00000000200071a1        0x3 
 .bss.inseg     0x00000000200071a4       0x10 build/tcp_in.o
 .bss.recv_acked
                0x00000000200071b4        0x2 build/tcp_in.o
 *fill*         0x00000000200071b6        0x2 
 .bss.recv_data
                0x00000000200071b8        0x4 build/tcp_in.o
 .bss.recv_flags
                0x00000000200071bc        0x1 build/tcp_in.o
 *fill*         0x00000000200071bd        0x3 
 .bss.seqno     0x00000000200071c0        0x4 build/tcp_in.o
 .bss.tcp_input_pcb
                0x00000000200071c4        0x4 build/tcp_in.o
                0x00000000200071c4                tcp_input_pcb
 .bss.tcp_optidx
                0x00000000200071c8        0x2 build/tcp_in.o
 *fill*         0x00000000200071ca        0x2 
 .bss.tcphdr    0x00000000200071cc        0x4 build/tcp_in.o
 .bss.tcphdr_opt1len
                0x00000000200071d0        0x2 build/tcp_in.o
 *fill*         0x00000000200071d2        0x2 
 .bss.tcphdr_opt2
                0x00000000200071d4        0x4 build/tcp_in.o
 .bss.tcphdr_optlen
                0x00000000200071d8        0x2 build/tcp_in.o
 .bss.tcplen    0x00000000200071da        0x2 build/tcp_in.o
 .bss.tcp_active_pcbs
                0x00000000200071dc        0x4 build/tcp.o
                0x00000000200071dc                tcp_active_pcbs
 .bss.tcp_active_pcbs_changed
                0x00000000200071e0        0x1 build/tcp.o
                0x00000000200071e0                tcp_active_pcbs_changed
 *fill*         0x00000000200071e1        0x3 
 .bss.tcp_bound_pcbs